#-----------------------------------------------------------
# Vivado v2020.2 (64-bit)
# SW Build 3064766 on Wed Nov 18 09:12:45 MST 2020
# IP Build 3064653 on Wed Nov 18 14:17:31 MST 2020
# Start of session at: Mon Jun  2 19:46:05 2025
# Process ID: 2784
# Current directory: C:/Users/sb/Desktop/git/jnu2023h
# Command line: vivado.exe -gui_launcher_event rodinguilauncherevent25124 C:\Users\sb\Desktop\git\jnu2023h\jnu2023h.xpr
# Log file: C:/Users/sb/Desktop/git/jnu2023h/vivado.log
# Journal file: C:/Users/sb/Desktop/git/jnu2023h\vivado.jou
#-----------------------------------------------------------
start_gui
open_project C:/Users/sb/Desktop/git/jnu2023h/jnu2023h.xpr
update_compile_order -fileset sources_1
launch_simulation
source top_tb.tcl
export_ip_user_files -of_objects  [get_files C:/Users/sb/Desktop/git/jnu2023h/code/sim/top_tb.v] -no_script -reset -force -quiet
remove_files  -fileset sim_1 C:/Users/sb/Desktop/git/jnu2023h/code/sim/top_tb.v
set_property SOURCE_SET sources_1 [get_filesets sim_1]
add_files -fileset sim_1 -norecurse C:/Users/sb/Desktop/git/jnu2023h/code/sim/top_tb2.v
update_compile_order -fileset sim_1
launch_simulation
launch_simulation
close_sim
