#-----------------------------------------------------------
# Vivado v2020.2 (64-bit)
# SW Build 3064766 on Wed Nov 18 09:12:45 MST 2020
# IP Build 3064653 on Wed Nov 18 14:17:31 MST 2020
# Start of session at: Tue May 20 22:59:15 2025
# Process ID: 2400
# Current directory: C:/Users/sb/Desktop/git/jnu2023h
# Command line: vivado.exe -gui_launcher_event rodinguilauncherevent23212 C:\Users\sb\Desktop\git\jnu2023h\jnu2023h.xpr
# Log file: C:/Users/sb/Desktop/git/jnu2023h/vivado.log
# Journal file: C:/Users/sb/Desktop/git/jnu2023h\vivado.jou
#-----------------------------------------------------------
start_gui
open_project C:/Users/sb/Desktop/git/jnu2023h/jnu2023h.xpr
INFO: [Project 1-313] Project file moved from 'C:/Users/sb/Desktop/git/jnu2023h-1' since last save.
CRITICAL WARNING: [Project 1-19] Could not find the file 'C:/Users/sb/git²Ö¿â/jnu2023h-2/code/data_modulus.v'.
CRITICAL WARNING: [Project 1-19] Could not find the file 'C:/Users/sb/git²Ö¿â/jnu2023h-2/code/da_wave_send.v'.
CRITICAL WARNING: [Project 1-19] Could not find the file 'C:/Users/sb/git²Ö¿â/jnu2023h-2/code/key_debounce.v'.
CRITICAL WARNING: [Project 1-19] Could not find the file 'C:/Users/sb/git²Ö¿â/jnu2023h-2/code/ftt_clk.v'.
CRITICAL WARNING: [Project 1-19] Could not find the file 'C:/Users/sb/git²Ö¿â/jnu2023h-2/code/dds.v'.
CRITICAL WARNING: [Project 1-19] Could not find the file 'C:/Users/sb/git²Ö¿â/jnu2023h-2/code/wave_freq.v'.
Scanning sources...
Finished scanning sources
INFO: [IP_Flow 19-234] Refreshing IP repositories
INFO: [IP_Flow 19-1704] No user IP repositories specified
INFO: [IP_Flow 19-2313] Loaded Vivado IP repository 'E:/Xilinx/Vivado/2020.2/data/ip'.
WARNING: [IP_Flow 19-2162] IP 'cordic_0' is locked:
* IP definition 'CORDIC (6.0)' for IP 'cordic_0' (customized with software release 2021.2) has a different revision in the IP Catalog.
open_project: Time (s): cpu = 00:00:16 ; elapsed = 00:00:07 . Memory (MB): peak = 1139.824 ; gain = 0.000
update_compile_order -fileset sources_1
add_files -norecurse {C:/Users/sb/Desktop/git/jnu2023h/code/clk_div.v C:/Users/sb/Desktop/git/jnu2023h/code/lcd_display.v C:/Users/sb/Desktop/git/jnu2023h/code/rd_id.v C:/Users/sb/Desktop/git/jnu2023h/code/lcd_rgb_top.v C:/Users/sb/Desktop/git/jnu2023h/code/top.v C:/Users/sb/Desktop/git/jnu2023h/code/key_debounce.v C:/Users/sb/Desktop/git/jnu2023h/code/da_wave_send.v C:/Users/sb/Desktop/git/jnu2023h/code/data_modulus.v C:/Users/sb/Desktop/git/jnu2023h/code/lcd_driver.v C:/Users/sb/Desktop/git/jnu2023h/code/wave_freq.v {C:/Users/sb/Desktop/git/jnu2023h/code/data_modulus - ÏîÄ¿¸±±¾.v} C:/Users/sb/Desktop/git/jnu2023h/code/ftt_clk.v C:/Users/sb/Desktop/git/jnu2023h/code/ram_wr_ctrl.v C:/Users/sb/Desktop/git/jnu2023h/code/dds.v}
WARNING: [filemgmt 56-12] File 'C:/Users/sb/Desktop/git/jnu2023h/code/clk_div.v' cannot be added to the project because it already exists in the project, skipping this file
WARNING: [filemgmt 56-12] File 'C:/Users/sb/Desktop/git/jnu2023h/code/lcd_display.v' cannot be added to the project because it already exists in the project, skipping this file
WARNING: [filemgmt 56-12] File 'C:/Users/sb/Desktop/git/jnu2023h/code/rd_id.v' cannot be added to the project because it already exists in the project, skipping this file
WARNING: [filemgmt 56-12] File 'C:/Users/sb/Desktop/git/jnu2023h/code/lcd_rgb_top.v' cannot be added to the project because it already exists in the project, skipping this file
WARNING: [filemgmt 56-12] File 'C:/Users/sb/Desktop/git/jnu2023h/code/top.v' cannot be added to the project because it already exists in the project, skipping this file
WARNING: [filemgmt 56-12] File 'C:/Users/sb/Desktop/git/jnu2023h/code/key_debounce.v' cannot be added to the project because it already exists in the project, skipping this file
WARNING: [filemgmt 56-12] File 'C:/Users/sb/Desktop/git/jnu2023h/code/da_wave_send.v' cannot be added to the project because it already exists in the project, skipping this file
WARNING: [filemgmt 56-12] File 'C:/Users/sb/Desktop/git/jnu2023h/code/data_modulus.v' cannot be added to the project because it already exists in the project, skipping this file
WARNING: [filemgmt 56-12] File 'C:/Users/sb/Desktop/git/jnu2023h/code/lcd_driver.v' cannot be added to the project because it already exists in the project, skipping this file
WARNING: [filemgmt 56-12] File 'C:/Users/sb/Desktop/git/jnu2023h/code/wave_freq.v' cannot be added to the project because it already exists in the project, skipping this file
WARNING: [filemgmt 56-12] File 'C:/Users/sb/Desktop/git/jnu2023h/code/ftt_clk.v' cannot be added to the project because it already exists in the project, skipping this file
WARNING: [filemgmt 56-12] File 'C:/Users/sb/Desktop/git/jnu2023h/code/dds.v' cannot be added to the project because it already exists in the project, skipping this file
update_compile_order -fileset sources_1
export_ip_user_files -of_objects  [get_files C:/Users/sb/Desktop/git/jnu2023h/code/lcd_rgb_top.v] -no_script -reset -force -quiet
remove_files  C:/Users/sb/Desktop/git/jnu2023h/code/lcd_rgb_top.v
remove_files  C:/Users/sb/Desktop/git/jnu2023h/code/lcd_rgb_top.v
WARNING: [Vivado 12-818] No files matched 'C:/Users/sb/Desktop/git/jnu2023h/code/lcd_rgb_top.v'
update_compile_order -fileset sources_1
update_compile_order -fileset sources_1
export_ip_user_files -of_objects  [get_files C:/Users/sb/git²Ö¿â/jnu2023h-2/code/da_wave_send.v] -no_script -reset -force -quiet
export_ip_user_files -of_objects  [get_files C:/Users/sb/git²Ö¿â/jnu2023h-2/code/data_modulus.v] -no_script -reset -force -quiet
export_ip_user_files -of_objects  [get_files C:/Users/sb/git²Ö¿â/jnu2023h-2/code/dds.v] -no_script -reset -force -quiet
export_ip_user_files -of_objects  [get_files C:/Users/sb/git²Ö¿â/jnu2023h-2/code/ftt_clk.v] -no_script -reset -force -quiet
export_ip_user_files -of_objects  [get_files C:/Users/sb/git²Ö¿â/jnu2023h-2/code/key_debounce.v] -no_script -reset -force -quiet
export_ip_user_files -of_objects  [get_files C:/Users/sb/git²Ö¿â/jnu2023h-2/code/wave_freq.v] -no_script -reset -force -quiet
remove_files  {C:/Users/sb/git²Ö¿â/jnu2023h-2/code/da_wave_send.v C:/Users/sb/git²Ö¿â/jnu2023h-2/code/data_modulus.v C:/Users/sb/git²Ö¿â/jnu2023h-2/code/dds.v C:/Users/sb/git²Ö¿â/jnu2023h-2/code/ftt_clk.v C:/Users/sb/git²Ö¿â/jnu2023h-2/code/key_debounce.v C:/Users/sb/git²Ö¿â/jnu2023h-2/code/wave_freq.v}
set_property SOURCE_SET sources_1 [get_filesets sim_1]
add_files -fileset sim_1 -norecurse C:/Users/sb/Desktop/git/jnu2023h/code/sim/top_tb.v
generate_target Simulation [get_files C:/Users/sb/Desktop/git/jnu2023h/jnu2023h.srcs/sources_1/ip/rom_1000x8b/rom_1000x8b.xci]
INFO: [IP_Flow 19-1686] Generating 'Simulation' target for IP 'rom_1000x8b'...
export_ip_user_files -of_objects [get_files C:/Users/sb/Desktop/git/jnu2023h/jnu2023h.srcs/sources_1/ip/rom_1000x8b/rom_1000x8b.xci] -no_script -sync -force -quiet
export_simulation -of_objects [get_files C:/Users/sb/Desktop/git/jnu2023h/jnu2023h.srcs/sources_1/ip/rom_1000x8b/rom_1000x8b.xci] -directory C:/Users/sb/Desktop/git/jnu2023h/jnu2023h.ip_user_files/sim_scripts -ip_user_files_dir C:/Users/sb/Desktop/git/jnu2023h/jnu2023h.ip_user_files -ipstatic_source_dir C:/Users/sb/Desktop/git/jnu2023h/jnu2023h.ip_user_files/ipstatic -lib_map_path [list {modelsim=C:/Users/sb/Desktop/git/jnu2023h/jnu2023h.cache/compile_simlib/modelsim} {questa=C:/Users/sb/Desktop/git/jnu2023h/jnu2023h.cache/compile_simlib/questa} {riviera=C:/Users/sb/Desktop/git/jnu2023h/jnu2023h.cache/compile_simlib/riviera} {activehdl=C:/Users/sb/Desktop/git/jnu2023h/jnu2023h.cache/compile_simlib/activehdl}] -use_ip_compiled_libs -force -quiet
launch_simulation
Command: launch_simulation 
INFO: [Vivado 12-5698] Checking validity of IPs in the design for the 'XSim' simulator...
INFO: [Vivado 12-5682] Launching behavioral simulation in 'C:/Users/sb/Desktop/git/jnu2023h/jnu2023h.sim/sim_1/behav/xsim'
INFO: [Vivado 12-4795] Using compiled simulation libraries for IPs
INFO: [SIM-utils-51] Simulation object is 'sim_1'
INFO: [USF-XSim-7] Finding pre-compiled libraries...
INFO: [USF-XSim-11] File 'E:/Xilinx/Vivado/2020.2/data/xsim/xsim.ini' copied to run dir:'C:/Users/sb/Desktop/git/jnu2023h/jnu2023h.sim/sim_1/behav/xsim'
INFO: [SIM-utils-20] The project contains locked or custom IPs. The pre-compiled version of these IPs will not be referenced and the sources from these IP libraries will be compiled locally.
INFO: [SIM-utils-54] Inspecting design source files for 'top' in fileset 'sim_1'...
INFO: [SIM-utils-43] Exported 'C:/Users/sb/Desktop/git/jnu2023h/jnu2023h.sim/sim_1/behav/xsim/rom_1000x8b.mif'
INFO: [SIM-utils-43] Exported 'C:/Users/sb/Desktop/git/jnu2023h/jnu2023h.sim/sim_1/behav/xsim/rom_1000x8.coe'
INFO: [USF-XSim-97] Finding global include files...
INFO: [USF-XSim-98] Fetching design files from 'sim_1'...
INFO: [USF-XSim-2] XSim::Compile design
INFO: [USF-XSim-61] Executing 'COMPILE and ANALYZE' step in 'C:/Users/sb/Desktop/git/jnu2023h/jnu2023h.sim/sim_1/behav/xsim'
"xvlog --incr --relax -prj top_vlog.prj"
INFO: [VRFC 10-2263] Analyzing Verilog file "C:/Users/sb/Desktop/git/jnu2023h/jnu2023h.gen/sources_1/ip/rom_1000x8b/sim/rom_1000x8b.v" into library xil_defaultlib
INFO: [VRFC 10-311] analyzing module rom_1000x8b
INFO: [VRFC 10-2263] Analyzing Verilog file "C:/Users/sb/Desktop/git/jnu2023h/jnu2023h.gen/sources_1/ip/clk_wiz_0/clk_wiz_0_clk_wiz.v" into library xil_defaultlib
INFO: [VRFC 10-311] analyzing module clk_wiz_0_clk_wiz
INFO: [VRFC 10-2263] Analyzing Verilog file "C:/Users/sb/Desktop/git/jnu2023h/jnu2023h.gen/sources_1/ip/clk_wiz_0/clk_wiz_0.v" into library xil_defaultlib
INFO: [VRFC 10-311] analyzing module clk_wiz_0
INFO: [VRFC 10-2263] Analyzing Verilog file "C:/Users/sb/Desktop/git/jnu2023h/code/da_wave_send.v" into library xil_defaultlib
INFO: [VRFC 10-311] analyzing module da_wave_send
INFO: [VRFC 10-2263] Analyzing Verilog file "C:/Users/sb/Desktop/git/jnu2023h/code/data_modulus.v" into library xil_defaultlib
INFO: [VRFC 10-311] analyzing module data_modulus
INFO: [VRFC 10-2263] Analyzing Verilog file "C:/Users/sb/Desktop/git/jnu2023h/code/dds.v" into library xil_defaultlib
INFO: [VRFC 10-311] analyzing module dds
WARNING: [VRFC 10-986] literal value truncated to fit in 20 bits [C:/Users/sb/Desktop/git/jnu2023h/code/dds.v:42]
INFO: [VRFC 10-2263] Analyzing Verilog file "C:/Users/sb/Desktop/git/jnu2023h/code/ftt_clk.v" into library xil_defaultlib
INFO: [VRFC 10-311] analyzing module fft_clk
INFO: [VRFC 10-2263] Analyzing Verilog file "C:/Users/sb/Desktop/git/jnu2023h/code/ram_wr_ctrl.v" into library xil_defaultlib
INFO: [VRFC 10-311] analyzing module ram_wr_ctrl
INFO: [VRFC 10-2263] Analyzing Verilog file "C:/Users/sb/Desktop/git/jnu2023h/code/wave_freq.v" into library xil_defaultlib
INFO: [VRFC 10-311] analyzing module wave_freq
INFO: [VRFC 10-2263] Analyzing Verilog file "C:/Users/sb/Desktop/git/jnu2023h/code/top.v" into library xil_defaultlib
INFO: [VRFC 10-311] analyzing module top
INFO: [VRFC 10-2458] undeclared symbol data_valid, assumed default net type wire [C:/Users/sb/Desktop/git/jnu2023h/code/top.v:159]
INFO: [VRFC 10-2263] Analyzing Verilog file "C:/Users/sb/Desktop/git/jnu2023h/jnu2023h.sim/sim_1/behav/xsim/glbl.v" into library xil_defaultlib
INFO: [VRFC 10-311] analyzing module glbl
"xvhdl --incr --relax -prj top_vhdl.prj"
INFO: [VRFC 10-163] Analyzing VHDL file "C:/Users/sb/Desktop/git/jnu2023h/jnu2023h.ip_user_files/ipstatic/hdl/xbip_utils_v3_0_vh_rfs.vhd" into library xbip_utils_v3_0_10
ERROR: [VRFC 10-4982] syntax error near 'ERROR' [C:/Users/sb/Desktop/git/jnu2023h/jnu2023h.ip_user_files/ipstatic/hdl/xbip_utils_v3_0_vh_rfs.vhd:1]
INFO: [VRFC 10-3070] VHDL file 'C:/Users/sb/Desktop/git/jnu2023h/jnu2023h.ip_user_files/ipstatic/hdl/xbip_utils_v3_0_vh_rfs.vhd' ignored due to errors
INFO: [USF-XSim-69] 'compile' step finished in '4' seconds
INFO: [USF-XSim-99] Step results log file:'C:/Users/sb/Desktop/git/jnu2023h/jnu2023h.sim/sim_1/behav/xsim/xvhdl.log'
ERROR: [USF-XSim-62] 'compile' step failed with error(s). Please check the Tcl console output or 'C:/Users/sb/Desktop/git/jnu2023h/jnu2023h.sim/sim_1/behav/xsim/xvhdl.log' file for more information.
ERROR: [Vivado 12-4473] Detected error while running simulation. Please correct the issue and retry this operation.
launch_simulation: Time (s): cpu = 00:00:01 ; elapsed = 00:00:05 . Memory (MB): peak = 1139.824 ; gain = 0.000
ERROR: [Common 17-39] 'launch_simulation' failed due to earlier errors.
update_compile_order -fileset sim_1
update_compile_order -fileset sim_1
launch_simulation
Command: launch_simulation 
INFO: [Vivado 12-5698] Checking validity of IPs in the design for the 'XSim' simulator...
INFO: [Vivado 12-5682] Launching behavioral simulation in 'C:/Users/sb/Desktop/git/jnu2023h/jnu2023h.sim/sim_1/behav/xsim'
INFO: [Vivado 12-4795] Using compiled simulation libraries for IPs
INFO: [SIM-utils-51] Simulation object is 'sim_1'
INFO: [USF-XSim-7] Finding pre-compiled libraries...
INFO: [USF-XSim-11] File 'E:/Xilinx/Vivado/2020.2/data/xsim/xsim.ini' copied to run dir:'C:/Users/sb/Desktop/git/jnu2023h/jnu2023h.sim/sim_1/behav/xsim'
INFO: [SIM-utils-20] The project contains locked or custom IPs. The pre-compiled version of these IPs will not be referenced and the sources from these IP libraries will be compiled locally.
INFO: [SIM-utils-54] Inspecting design source files for 'top_tb' in fileset 'sim_1'...
INFO: [SIM-utils-43] Exported 'C:/Users/sb/Desktop/git/jnu2023h/jnu2023h.sim/sim_1/behav/xsim/rom_1000x8b.mif'
INFO: [SIM-utils-43] Exported 'C:/Users/sb/Desktop/git/jnu2023h/jnu2023h.sim/sim_1/behav/xsim/rom_1000x8.coe'
INFO: [USF-XSim-97] Finding global include files...
INFO: [USF-XSim-98] Fetching design files from 'sim_1'...
INFO: [USF-XSim-2] XSim::Compile design
INFO: [USF-XSim-61] Executing 'COMPILE and ANALYZE' step in 'C:/Users/sb/Desktop/git/jnu2023h/jnu2023h.sim/sim_1/behav/xsim'
"xvlog --incr --relax -prj top_tb_vlog.prj"
INFO: [VRFC 10-2263] Analyzing Verilog file "C:/Users/sb/Desktop/git/jnu2023h/code/sim/top_tb.v" into library xil_defaultlib
INFO: [VRFC 10-311] analyzing module top_tb
"xvhdl --incr --relax -prj top_tb_vhdl.prj"
INFO: [VRFC 10-163] Analyzing VHDL file "C:/Users/sb/Desktop/git/jnu2023h/jnu2023h.ip_user_files/ipstatic/hdl/xbip_utils_v3_0_vh_rfs.vhd" into library xbip_utils_v3_0_10
ERROR: [VRFC 10-4982] syntax error near 'ERROR' [C:/Users/sb/Desktop/git/jnu2023h/jnu2023h.ip_user_files/ipstatic/hdl/xbip_utils_v3_0_vh_rfs.vhd:1]
INFO: [VRFC 10-3070] VHDL file 'C:/Users/sb/Desktop/git/jnu2023h/jnu2023h.ip_user_files/ipstatic/hdl/xbip_utils_v3_0_vh_rfs.vhd' ignored due to errors
INFO: [USF-XSim-69] 'compile' step finished in '3' seconds
INFO: [USF-XSim-99] Step results log file:'C:/Users/sb/Desktop/git/jnu2023h/jnu2023h.sim/sim_1/behav/xsim/xvhdl.log'
ERROR: [USF-XSim-62] 'compile' step failed with error(s). Please check the Tcl console output or 'C:/Users/sb/Desktop/git/jnu2023h/jnu2023h.sim/sim_1/behav/xsim/xvhdl.log' file for more information.
ERROR: [Vivado 12-4473] Detected error while running simulation. Please correct the issue and retry this operation.
ERROR: [Common 17-39] 'launch_simulation' failed due to earlier errors.
reset_run rom_1000x8b_synth_1
launch_runs synth_1 -jobs 6
INFO: [IP_Flow 19-1686] Generating 'Synthesis' target for IP 'rom_1000x8b'...
ERROR: [Runs 36-378] The checkpoint 'c:/Users/sb/Desktop/git/jnu2023h/jnu2023h.gen/sources_1/ip/cordic_0/cordic_0.dcp' was created with 'Vivado v2021.2 (64-bit)', and cannot be opened in this version.
export_ip_user_files -of_objects  [get_files C:/Users/sb/Desktop/git/jnu2023h/jnu2023h.srcs/sources_1/ip/cordic_0/cordic_0.xci] -no_script -reset -force -quiet
remove_files  -fileset cordic_0 C:/Users/sb/Desktop/git/jnu2023h/jnu2023h.srcs/sources_1/ip/cordic_0/cordic_0.xci
INFO: [Project 1-386] Moving file 'C:/Users/sb/Desktop/git/jnu2023h/jnu2023h.srcs/sources_1/ip/cordic_0/cordic_0.xci' from fileset 'cordic_0' to fileset 'sources_1'.
create_ip -name cordic -vendor xilinx.com -library ip -version 6.0 -module_name cordic_0
set_property -dict [list CONFIG.Functional_Selection {Square_Root} CONFIG.Pipelining_Mode {Optimal} CONFIG.Data_Format {UnsignedInteger} CONFIG.Input_Width {31} CONFIG.Round_Mode {Nearest_Even} CONFIG.Output_Width {16} CONFIG.Coarse_Rotation {false}] [get_ips cordic_0]
generate_target {instantiation_template} [get_files c:/Users/sb/Desktop/git/jnu2023h/jnu2023h.srcs/sources_1/ip/cordic_0_1/cordic_0.xci]
INFO: [IP_Flow 19-1686] Generating 'Instantiation Template' target for IP 'cordic_0'...
generate_target all [get_files  c:/Users/sb/Desktop/git/jnu2023h/jnu2023h.srcs/sources_1/ip/cordic_0_1/cordic_0.xci]
INFO: [IP_Flow 19-1686] Generating 'Synthesis' target for IP 'cordic_0'...
INFO: [IP_Flow 19-1686] Generating 'Simulation' target for IP 'cordic_0'...
INFO: [IP_Flow 19-1686] Generating 'C Simulation' target for IP 'cordic_0'...
INFO: [IP_Flow 19-1686] Generating 'Test Bench' target for IP 'cordic_0'...
INFO: [IP_Flow 19-1686] Generating 'Change Log' target for IP 'cordic_0'...
catch { config_ip_cache -export [get_ips -all cordic_0] }
export_ip_user_files -of_objects [get_files c:/Users/sb/Desktop/git/jnu2023h/jnu2023h.srcs/sources_1/ip/cordic_0_1/cordic_0.xci] -no_script -sync -force -quiet
create_ip_run [get_files -of_objects [get_fileset sources_1] c:/Users/sb/Desktop/git/jnu2023h/jnu2023h.srcs/sources_1/ip/cordic_0_1/cordic_0.xci]
launch_runs cordic_0_synth_1 -jobs 6
[Tue May 20 23:09:08 2025] Launched cordic_0_synth_1...
Run output will be captured here: C:/Users/sb/Desktop/git/jnu2023h/jnu2023h.runs/cordic_0_synth_1/runme.log
export_simulation -of_objects [get_files c:/Users/sb/Desktop/git/jnu2023h/jnu2023h.srcs/sources_1/ip/cordic_0_1/cordic_0.xci] -directory C:/Users/sb/Desktop/git/jnu2023h/jnu2023h.ip_user_files/sim_scripts -ip_user_files_dir C:/Users/sb/Desktop/git/jnu2023h/jnu2023h.ip_user_files -ipstatic_source_dir C:/Users/sb/Desktop/git/jnu2023h/jnu2023h.ip_user_files/ipstatic -lib_map_path [list {modelsim=C:/Users/sb/Desktop/git/jnu2023h/jnu2023h.cache/compile_simlib/modelsim} {questa=C:/Users/sb/Desktop/git/jnu2023h/jnu2023h.cache/compile_simlib/questa} {riviera=C:/Users/sb/Desktop/git/jnu2023h/jnu2023h.cache/compile_simlib/riviera} {activehdl=C:/Users/sb/Desktop/git/jnu2023h/jnu2023h.cache/compile_simlib/activehdl}] -use_ip_compiled_libs -force -quiet
launch_simulation
Command: launch_simulation 
INFO: [Vivado 12-5698] Checking validity of IPs in the design for the 'XSim' simulator...
INFO: [Vivado 12-5682] Launching behavioral simulation in 'C:/Users/sb/Desktop/git/jnu2023h/jnu2023h.sim/sim_1/behav/xsim'
INFO: [Vivado 12-4795] Using compiled simulation libraries for IPs
INFO: [SIM-utils-51] Simulation object is 'sim_1'
INFO: [USF-XSim-7] Finding pre-compiled libraries...
INFO: [USF-XSim-11] File 'E:/Xilinx/Vivado/2020.2/data/xsim/xsim.ini' copied to run dir:'C:/Users/sb/Desktop/git/jnu2023h/jnu2023h.sim/sim_1/behav/xsim'
INFO: [SIM-utils-54] Inspecting design source files for 'top_tb' in fileset 'sim_1'...
INFO: [SIM-utils-43] Exported 'C:/Users/sb/Desktop/git/jnu2023h/jnu2023h.sim/sim_1/behav/xsim/rom_1000x8b.mif'
INFO: [SIM-utils-43] Exported 'C:/Users/sb/Desktop/git/jnu2023h/jnu2023h.sim/sim_1/behav/xsim/rom_1000x8.coe'
INFO: [USF-XSim-97] Finding global include files...
INFO: [USF-XSim-98] Fetching design files from 'sim_1'...
INFO: [USF-XSim-2] XSim::Compile design
INFO: [USF-XSim-61] Executing 'COMPILE and ANALYZE' step in 'C:/Users/sb/Desktop/git/jnu2023h/jnu2023h.sim/sim_1/behav/xsim'
"xvlog --incr --relax -prj top_tb_vlog.prj"
"xvhdl --incr --relax -prj top_tb_vhdl.prj"
INFO: [VRFC 10-163] Analyzing VHDL file "C:/Users/sb/Desktop/git/jnu2023h/jnu2023h.gen/sources_1/ip/cordic_0_1/sim/cordic_0.vhd" into library xil_defaultlib
INFO: [VRFC 10-3107] analyzing entity 'cordic_0'
INFO: [USF-XSim-69] 'compile' step finished in '3' seconds
INFO: [USF-XSim-3] XSim::Elaborate design
INFO: [USF-XSim-61] Executing 'ELABORATE' step in 'C:/Users/sb/Desktop/git/jnu2023h/jnu2023h.sim/sim_1/behav/xsim'
"xelab -wto 733bc6238e3a4b91923eb927ee1788cd --incr --debug typical --relax --mt 2 -L xil_defaultlib -L blk_mem_gen_v8_4_4 -L xbip_utils_v3_0_10 -L c_reg_fd_v12_0_6 -L xbip_dsp48_wrapper_v3_0_4 -L xbip_pipe_v3_0_6 -L xbip_dsp48_addsub_v3_0_6 -L xbip_addsub_v3_0_6 -L c_addsub_v12_0_14 -L xbip_bram18k_v3_0_6 -L mult_gen_v12_0_16 -L axi_utils_v2_0_6 -L cordic_v6_0_16 -L unisims_ver -L unimacro_ver -L secureip -L xpm --snapshot top_tb_behav xil_defaultlib.top_tb xil_defaultlib.glbl -log elaborate.log"
Vivado Simulator 2020.2
Copyright 1986-1999, 2001-2020 Xilinx, Inc. All Rights Reserved.
Running: E:/Xilinx/Vivado/2020.2/bin/unwrapped/win64.o/xelab.exe -wto 733bc6238e3a4b91923eb927ee1788cd --incr --debug typical --relax --mt 2 -L xil_defaultlib -L blk_mem_gen_v8_4_4 -L xbip_utils_v3_0_10 -L c_reg_fd_v12_0_6 -L xbip_dsp48_wrapper_v3_0_4 -L xbip_pipe_v3_0_6 -L xbip_dsp48_addsub_v3_0_6 -L xbip_addsub_v3_0_6 -L c_addsub_v12_0_14 -L xbip_bram18k_v3_0_6 -L mult_gen_v12_0_16 -L axi_utils_v2_0_6 -L cordic_v6_0_16 -L unisims_ver -L unimacro_ver -L secureip -L xpm --snapshot top_tb_behav xil_defaultlib.top_tb xil_defaultlib.glbl -log elaborate.log 
Using 2 slave threads.
Starting static elaboration
Pass Through NonSizing Optimizer
ERROR: [VRFC 10-2063] Module <xfft_0> not found while processing module instance <u_fft> [C:/Users/sb/Desktop/git/jnu2023h/code/top.v:108]
ERROR: [VRFC 10-2063] Module <ram_4096x16> not found while processing module instance <u_ram_4096x16> [C:/Users/sb/Desktop/git/jnu2023h/code/top.v:184]
ERROR: [XSIM 43-3322] Static elaboration of top level Verilog design unit(s) in library work failed.
INFO: [USF-XSim-69] 'elaborate' step finished in '3' seconds
INFO: [USF-XSim-99] Step results log file:'C:/Users/sb/Desktop/git/jnu2023h/jnu2023h.sim/sim_1/behav/xsim/elaborate.log'
ERROR: [USF-XSim-62] 'elaborate' step failed with error(s). Please check the Tcl console output or 'C:/Users/sb/Desktop/git/jnu2023h/jnu2023h.sim/sim_1/behav/xsim/elaborate.log' file for more information.
ERROR: [Vivado 12-4473] Detected error while running simulation. Please correct the issue and retry this operation.
launch_simulation: Time (s): cpu = 00:00:01 ; elapsed = 00:00:07 . Memory (MB): peak = 1210.094 ; gain = 0.000
ERROR: [Common 17-39] 'launch_simulation' failed due to earlier errors.
create_ip -name xfft -vendor xilinx.com -library ip -version 9.1 -module_name xfft_0
set_property -dict [list CONFIG.transform_length {128} CONFIG.implementation_options {pipelined_streaming_io} CONFIG.scaling_options {block_floating_point} CONFIG.rounding_modes {convergent_rounding} CONFIG.aresetn {true} CONFIG.xk_index {false} CONFIG.output_ordering {natural_order} CONFIG.number_of_stages_using_block_ram_for_data_and_phase_factors {0}] [get_ips xfft_0]
generate_target {instantiation_template} [get_files c:/Users/sb/Desktop/git/jnu2023h/jnu2023h.srcs/sources_1/ip/xfft_0/xfft_0.xci]
INFO: [IP_Flow 19-1686] Generating 'Instantiation Template' target for IP 'xfft_0'...
update_compile_order -fileset sources_1
generate_target all [get_files  c:/Users/sb/Desktop/git/jnu2023h/jnu2023h.srcs/sources_1/ip/xfft_0/xfft_0.xci]
INFO: [IP_Flow 19-1686] Generating 'Synthesis' target for IP 'xfft_0'...
INFO: [IP_Flow 19-1686] Generating 'Simulation' target for IP 'xfft_0'...
INFO: [IP_Flow 19-1686] Generating 'C Simulation' target for IP 'xfft_0'...
INFO: [IP_Flow 19-1686] Generating 'Test Bench' target for IP 'xfft_0'...
INFO: [IP_Flow 19-1686] Generating 'Change Log' target for IP 'xfft_0'...
catch { config_ip_cache -export [get_ips -all xfft_0] }
export_ip_user_files -of_objects [get_files c:/Users/sb/Desktop/git/jnu2023h/jnu2023h.srcs/sources_1/ip/xfft_0/xfft_0.xci] -no_script -sync -force -quiet
create_ip_run [get_files -of_objects [get_fileset sources_1] c:/Users/sb/Desktop/git/jnu2023h/jnu2023h.srcs/sources_1/ip/xfft_0/xfft_0.xci]
launch_runs xfft_0_synth_1 -jobs 6
[Tue May 20 23:13:16 2025] Launched xfft_0_synth_1...
Run output will be captured here: C:/Users/sb/Desktop/git/jnu2023h/jnu2023h.runs/xfft_0_synth_1/runme.log
export_simulation -of_objects [get_files c:/Users/sb/Desktop/git/jnu2023h/jnu2023h.srcs/sources_1/ip/xfft_0/xfft_0.xci] -directory C:/Users/sb/Desktop/git/jnu2023h/jnu2023h.ip_user_files/sim_scripts -ip_user_files_dir C:/Users/sb/Desktop/git/jnu2023h/jnu2023h.ip_user_files -ipstatic_source_dir C:/Users/sb/Desktop/git/jnu2023h/jnu2023h.ip_user_files/ipstatic -lib_map_path [list {modelsim=C:/Users/sb/Desktop/git/jnu2023h/jnu2023h.cache/compile_simlib/modelsim} {questa=C:/Users/sb/Desktop/git/jnu2023h/jnu2023h.cache/compile_simlib/questa} {riviera=C:/Users/sb/Desktop/git/jnu2023h/jnu2023h.cache/compile_simlib/riviera} {activehdl=C:/Users/sb/Desktop/git/jnu2023h/jnu2023h.cache/compile_simlib/activehdl}] -use_ip_compiled_libs -force -quiet
