
*** Running vivado
    with args -log xfft_0.vds -m64 -product Vivado -mode batch -messageDb vivado.pb -notrace -source xfft_0.tcl



****** Vivado v2020.2 (64-bit)
  **** SW Build 3064766 on Wed Nov 18 09:12:45 MST 2020
  **** IP Build 3064653 on Wed Nov 18 14:17:31 MST 2020
    ** Copyright 1986-2020 Xilinx, Inc. All Rights Reserved.

source xfft_0.tcl -notrace
Command: synth_design -top xfft_0 -part xc7a35tfgg484-2 -mode out_of_context
Starting synth_design
Attempting to get a license for feature 'Synthesis' and/or device 'xc7a35t'
INFO: [Common 17-349] Got license for feature 'Synthesis' and/or device 'xc7a35t'
INFO: [Device 21-403] Loading part xc7a35tfgg484-2
INFO: [Synth 8-7079] Multithreading enabled for synth_design using a maximum of 2 processes.
INFO: [Synth 8-7078] Launching helper process for spawning children vivado processes
INFO: [Synth 8-7075] Helper process launched with PID 9816
---------------------------------------------------------------------------------
Starting RTL Elaboration : Time (s): cpu = 00:00:07 ; elapsed = 00:00:07 . Memory (MB): peak = 1140.539 ; gain = 0.000
---------------------------------------------------------------------------------
INFO: [Synth 8-638] synthesizing module 'xfft_0' [c:/Users/sb/Desktop/git/jnu2023h/jnu2023h.gen/sources_1/ip/xfft_0/synth/xfft_0.vhd:87]
	Parameter C_XDEVICEFAMILY bound to: artix7 - type: string 
	Parameter C_PART bound to: xc7a35tfgg484-2 - type: string 
	Parameter C_S_AXIS_CONFIG_TDATA_WIDTH bound to: 8 - type: integer 
	Parameter C_S_AXIS_DATA_TDATA_WIDTH bound to: 32 - type: integer 
	Parameter C_M_AXIS_DATA_TDATA_WIDTH bound to: 32 - type: integer 
	Parameter C_M_AXIS_DATA_TUSER_WIDTH bound to: 8 - type: integer 
	Parameter C_M_AXIS_STATUS_TDATA_WIDTH bound to: 8 - type: integer 
	Parameter C_THROTTLE_SCHEME bound to: 1 - type: integer 
	Parameter C_CHANNELS bound to: 1 - type: integer 
	Parameter C_NFFT_MAX bound to: 12 - type: integer 
	Parameter C_ARCH bound to: 3 - type: integer 
	Parameter C_HAS_NFFT bound to: 0 - type: integer 
	Parameter C_USE_FLT_PT bound to: 0 - type: integer 
	Parameter C_INPUT_WIDTH bound to: 16 - type: integer 
	Parameter C_TWIDDLE_WIDTH bound to: 16 - type: integer 
	Parameter C_OUTPUT_WIDTH bound to: 16 - type: integer 
	Parameter C_HAS_SCALING bound to: 1 - type: integer 
	Parameter C_HAS_BFP bound to: 1 - type: integer 
	Parameter C_HAS_ROUNDING bound to: 1 - type: integer 
	Parameter C_HAS_ACLKEN bound to: 0 - type: integer 
	Parameter C_HAS_ARESETN bound to: 1 - type: integer 
	Parameter C_HAS_OVFLO bound to: 0 - type: integer 
	Parameter C_HAS_NATURAL_INPUT bound to: 1 - type: integer 
	Parameter C_HAS_NATURAL_OUTPUT bound to: 1 - type: integer 
	Parameter C_HAS_CYCLIC_PREFIX bound to: 0 - type: integer 
	Parameter C_HAS_XK_INDEX bound to: 0 - type: integer 
	Parameter C_DATA_MEM_TYPE bound to: 1 - type: integer 
	Parameter C_TWIDDLE_MEM_TYPE bound to: 1 - type: integer 
	Parameter C_BRAM_STAGES bound to: 5 - type: integer 
	Parameter C_REORDER_MEM_TYPE bound to: 1 - type: integer 
	Parameter C_USE_HYBRID_RAM bound to: 0 - type: integer 
	Parameter C_OPTIMIZE_GOAL bound to: 0 - type: integer 
	Parameter C_CMPY_TYPE bound to: 1 - type: integer 
	Parameter C_BFLY_TYPE bound to: 0 - type: integer 
INFO: [Synth 8-3491] module 'xfft_v9_1_5' declared at 'c:/Users/sb/Desktop/git/jnu2023h/jnu2023h.gen/sources_1/ip/xfft_0/hdl/xfft_v9_1_vh_rfs.vhd:103739' bound to instance 'U0' of component 'xfft_v9_1_5' [c:/Users/sb/Desktop/git/jnu2023h/jnu2023h.gen/sources_1/ip/xfft_0/synth/xfft_0.vhd:200]
INFO: [Synth 8-256] done synthesizing module 'xfft_0' (63#1) [c:/Users/sb/Desktop/git/jnu2023h/jnu2023h.gen/sources_1/ip/xfft_0/synth/xfft_0.vhd:87]
---------------------------------------------------------------------------------
Finished RTL Elaboration : Time (s): cpu = 00:01:38 ; elapsed = 00:01:50 . Memory (MB): peak = 3053.484 ; gain = 1912.945
---------------------------------------------------------------------------------
---------------------------------------------------------------------------------
Start Handling Custom Attributes
---------------------------------------------------------------------------------
---------------------------------------------------------------------------------
Finished Handling Custom Attributes : Time (s): cpu = 00:01:40 ; elapsed = 00:01:52 . Memory (MB): peak = 3053.484 ; gain = 1912.945
---------------------------------------------------------------------------------
---------------------------------------------------------------------------------
Finished RTL Optimization Phase 1 : Time (s): cpu = 00:01:40 ; elapsed = 00:01:52 . Memory (MB): peak = 3053.484 ; gain = 1912.945
---------------------------------------------------------------------------------
Netlist sorting complete. Time (s): cpu = 00:00:00 ; elapsed = 00:00:00.574 . Memory (MB): peak = 3053.484 ; gain = 0.000
INFO: [Netlist 29-17] Analyzing 4261 Unisim elements for replacement
INFO: [Netlist 29-28] Unisim Transformation completed in 1 CPU seconds
INFO: [Project 1-570] Preparing netlist for logic optimization

Processing XDC Constraints
Initializing timing engine
Parsing XDC File [c:/Users/sb/Desktop/git/jnu2023h/jnu2023h.gen/sources_1/ip/xfft_0/xfft_0_ooc.xdc] for cell 'U0'
Finished Parsing XDC File [c:/Users/sb/Desktop/git/jnu2023h/jnu2023h.gen/sources_1/ip/xfft_0/xfft_0_ooc.xdc] for cell 'U0'
Parsing XDC File [C:/Users/sb/Desktop/git/jnu2023h/jnu2023h.runs/xfft_0_synth_1/dont_touch.xdc]
Finished Parsing XDC File [C:/Users/sb/Desktop/git/jnu2023h/jnu2023h.runs/xfft_0_synth_1/dont_touch.xdc]
Completed Processing XDC Constraints

Netlist sorting complete. Time (s): cpu = 00:00:00 ; elapsed = 00:00:00.018 . Memory (MB): peak = 3053.484 ; gain = 0.000
INFO: [Project 1-111] Unisim Transformation Summary:
  A total of 624 instances were transformed.
  FD => FDRE: 6 instances
  FDE => FDRE: 546 instances
  FDR => FDRE: 53 instances
  RAMB18 => RAMB18E1: 19 instances

Constraint Validation Runtime : Time (s): cpu = 00:00:01 ; elapsed = 00:00:00.675 . Memory (MB): peak = 3053.484 ; gain = 0.000
---------------------------------------------------------------------------------
Finished Constraint Validation : Time (s): cpu = 00:01:57 ; elapsed = 00:02:09 . Memory (MB): peak = 3053.484 ; gain = 1912.945
---------------------------------------------------------------------------------
---------------------------------------------------------------------------------
Start Loading Part and Timing Information
---------------------------------------------------------------------------------
Loading part: xc7a35tfgg484-2
---------------------------------------------------------------------------------
Finished Loading Part and Timing Information : Time (s): cpu = 00:01:57 ; elapsed = 00:02:09 . Memory (MB): peak = 3053.484 ; gain = 1912.945
---------------------------------------------------------------------------------
---------------------------------------------------------------------------------
Start Applying 'set_property' XDC Constraints
---------------------------------------------------------------------------------
Applied set_property KEEP_HIERARCHY = SOFT for U0. (constraint file  C:/Users/sb/Desktop/git/jnu2023h/jnu2023h.runs/xfft_0_synth_1/dont_touch.xdc, line 9).
---------------------------------------------------------------------------------
Finished applying 'set_property' XDC Constraints : Time (s): cpu = 00:01:57 ; elapsed = 00:02:09 . Memory (MB): peak = 3053.484 ; gain = 1912.945
---------------------------------------------------------------------------------
INFO: [Synth 8-802] inferred FSM for state register 'gen_status_channel.gen_status_blk_exp.we_current_state_reg' in module 'axi_wrapper'
---------------------------------------------------------------------------------------------------
                   State |                     New Encoding |                Previous Encoding 
---------------------------------------------------------------------------------------------------
 st_wait_for_frame_start |                              001 |                               00
  st_wait_for_fifo_write |                              010 |                               01
   st_wait_for_frame_end |                              100 |                               10
---------------------------------------------------------------------------------------------------
INFO: [Synth 8-3354] encoded FSM with state register 'gen_status_channel.gen_status_blk_exp.we_current_state_reg' using encoding 'one-hot' in module 'axi_wrapper'
---------------------------------------------------------------------------------
Finished RTL Optimization Phase 2 : Time (s): cpu = 00:02:08 ; elapsed = 00:02:22 . Memory (MB): peak = 3053.484 ; gain = 1912.945
---------------------------------------------------------------------------------
INFO: [Synth 8-223] decloning instance 'U0/i_synth/xfft_inst/non_floating_point.arch_d.xfft_inst/FLOW/reset_sustain.resets_4_pes[5].delay_reset_pe/tc_compare' (logic_gate) to 'U0/i_synth/xfft_inst/non_floating_point.arch_d.xfft_inst/FLOW/reset_sustain.resets_4_pes[5].delay_reset_pe/tc_compare1'
INFO: [Synth 8-223] decloning instance 'cnt_sat__parameterized0:/tc_compare' (logic_gate__parameterized0) to 'cnt_sat__parameterized0:/tc_compare1'
INFO: [Synth 8-223] decloning instance 'cnt_sat__parameterized1:/tc_compare' (logic_gate__parameterized1) to 'cnt_sat__parameterized1:/tc_compare1'
INFO: [Synth 8-223] decloning instance 'U0/i_synth/xfft_inst/non_floating_point.arch_d.xfft_inst/FLOW/reset_sustain.delay_reset_3/tc_compare' (logic_gate__parameterized2) to 'U0/i_synth/xfft_inst/non_floating_point.arch_d.xfft_inst/FLOW/reset_sustain.delay_reset_3/tc_compare1'
INFO: [Synth 8-223] decloning instance 'U0/i_synth/xfft_inst/non_floating_point.arch_d.xfft_inst/FLOW/reset_sustain.delay_reset_7/tc_compare' (logic_gate__parameterized3) to 'U0/i_synth/xfft_inst/non_floating_point.arch_d.xfft_inst/FLOW/reset_sustain.delay_reset_7/tc_compare1'
---------------------------------------------------------------------------------
Start RTL Component Statistics 
---------------------------------------------------------------------------------
---------------------------------------------------------------------------------
Finished RTL Component Statistics 
---------------------------------------------------------------------------------
---------------------------------------------------------------------------------
Start Part Resource Summary
---------------------------------------------------------------------------------
Part Resources:
DSPs: 90 (col length:60)
BRAMs: 100 (col length: RAMB18 60 RAMB36 30)
---------------------------------------------------------------------------------
Finished Part Resource Summary
---------------------------------------------------------------------------------
---------------------------------------------------------------------------------
Start Cross Boundary and Area Optimization
---------------------------------------------------------------------------------
WARNING: [Synth 8-6040] Register sin_addr_2s_comp/use_output_reg.D_OUT_reg driving address of a ROM cannot be packed in BRAM/URAM because of presence of initial value.
WARNING: [Synth 8-6040] Register cos_addr_2s_comp/use_output_reg.D_OUT_reg driving address of a ROM cannot be packed in BRAM/URAM because of presence of initial value.
---------------------------------------------------------------------------------
Finished Cross Boundary and Area Optimization : Time (s): cpu = 00:02:22 ; elapsed = 00:02:36 . Memory (MB): peak = 3053.484 ; gain = 1912.945
---------------------------------------------------------------------------------
---------------------------------------------------------------------------------
Start Applying XDC Timing Constraints
---------------------------------------------------------------------------------
---------------------------------------------------------------------------------
Finished Applying XDC Timing Constraints : Time (s): cpu = 00:02:32 ; elapsed = 00:02:46 . Memory (MB): peak = 3053.484 ; gain = 1912.945
---------------------------------------------------------------------------------
---------------------------------------------------------------------------------
Start Timing Optimization
---------------------------------------------------------------------------------
---------------------------------------------------------------------------------
Finished Timing Optimization : Time (s): cpu = 00:02:36 ; elapsed = 00:02:50 . Memory (MB): peak = 3053.484 ; gain = 1912.945
---------------------------------------------------------------------------------
---------------------------------------------------------------------------------
Start Technology Mapping
---------------------------------------------------------------------------------
---------------------------------------------------------------------------------
Finished Technology Mapping : Time (s): cpu = 00:02:46 ; elapsed = 00:03:02 . Memory (MB): peak = 3053.484 ; gain = 1912.945
---------------------------------------------------------------------------------
---------------------------------------------------------------------------------
Start IO Insertion
---------------------------------------------------------------------------------
---------------------------------------------------------------------------------
Start Flattening Before IO Insertion
---------------------------------------------------------------------------------
---------------------------------------------------------------------------------
Finished Flattening Before IO Insertion
---------------------------------------------------------------------------------
---------------------------------------------------------------------------------
Start Final Netlist Cleanup
---------------------------------------------------------------------------------
---------------------------------------------------------------------------------
Finished Final Netlist Cleanup
---------------------------------------------------------------------------------
---------------------------------------------------------------------------------
Finished IO Insertion : Time (s): cpu = 00:02:50 ; elapsed = 00:03:06 . Memory (MB): peak = 3053.484 ; gain = 1912.945
---------------------------------------------------------------------------------
---------------------------------------------------------------------------------
Start Renaming Generated Instances
---------------------------------------------------------------------------------
---------------------------------------------------------------------------------
Finished Renaming Generated Instances : Time (s): cpu = 00:02:51 ; elapsed = 00:03:06 . Memory (MB): peak = 3053.484 ; gain = 1912.945
---------------------------------------------------------------------------------
---------------------------------------------------------------------------------
Start Rebuilding User Hierarchy
---------------------------------------------------------------------------------
---------------------------------------------------------------------------------
Finished Rebuilding User Hierarchy : Time (s): cpu = 00:02:54 ; elapsed = 00:03:10 . Memory (MB): peak = 3053.484 ; gain = 1912.945
---------------------------------------------------------------------------------
---------------------------------------------------------------------------------
Start Renaming Generated Ports
---------------------------------------------------------------------------------
---------------------------------------------------------------------------------
Finished Renaming Generated Ports : Time (s): cpu = 00:02:54 ; elapsed = 00:03:10 . Memory (MB): peak = 3053.484 ; gain = 1912.945
---------------------------------------------------------------------------------
---------------------------------------------------------------------------------
Start Handling Custom Attributes
---------------------------------------------------------------------------------
---------------------------------------------------------------------------------
Finished Handling Custom Attributes : Time (s): cpu = 00:02:54 ; elapsed = 00:03:10 . Memory (MB): peak = 3053.484 ; gain = 1912.945
---------------------------------------------------------------------------------
---------------------------------------------------------------------------------
Start Renaming Generated Nets
---------------------------------------------------------------------------------
---------------------------------------------------------------------------------
Finished Renaming Generated Nets : Time (s): cpu = 00:02:54 ; elapsed = 00:03:10 . Memory (MB): peak = 3053.484 ; gain = 1912.945
---------------------------------------------------------------------------------
---------------------------------------------------------------------------------
Start Writing Synthesis Report
---------------------------------------------------------------------------------

Report BlackBoxes: 
+-+--------------+----------+
| |BlackBox name |Instances |
+-+--------------+----------+
+-+--------------+----------+

Report Cell Usage: 
+------+---------+------+
|      |Cell     |Count |
+------+---------+------+
|1     |CARRY4   |    66|
|2     |DSP48E1  |    19|
|9     |LUT1     |    73|
|10    |LUT2     |   978|
|11    |LUT3     |  1760|
|12    |LUT4     |   441|
|13    |LUT5     |    55|
|14    |LUT6     |   404|
|15    |MUXCY    |  1765|
|16    |MUXF7    |    64|
|17    |MUXF8    |    32|
|18    |RAM64X1S |    31|
|19    |RAMB18   |    19|
|20    |RAMB18E1 |     8|
|23    |SRL16E   |  1723|
|24    |SRLC32E  |   179|
|25    |XORCY    |  1661|
|26    |FD       |     6|
|27    |FDE      |   534|
|28    |FDR      |    40|
|29    |FDRE     |  6155|
|30    |FDSE     |    35|
+------+---------+------+
---------------------------------------------------------------------------------
Finished Writing Synthesis Report : Time (s): cpu = 00:02:54 ; elapsed = 00:03:10 . Memory (MB): peak = 3053.484 ; gain = 1912.945
---------------------------------------------------------------------------------
Synthesis finished with 0 errors, 0 critical warnings and 2 warnings.
Synthesis Optimization Runtime : Time (s): cpu = 00:01:05 ; elapsed = 00:03:00 . Memory (MB): peak = 3053.484 ; gain = 1912.945
Synthesis Optimization Complete : Time (s): cpu = 00:02:55 ; elapsed = 00:03:11 . Memory (MB): peak = 3053.484 ; gain = 1912.945
INFO: [Project 1-571] Translating synthesized netlist
Netlist sorting complete. Time (s): cpu = 00:00:00 ; elapsed = 00:00:00.440 . Memory (MB): peak = 3053.484 ; gain = 0.000
INFO: [Netlist 29-17] Analyzing 4245 Unisim elements for replacement
INFO: [Netlist 29-28] Unisim Transformation completed in 0 CPU seconds
INFO: [Project 1-570] Preparing netlist for logic optimization
INFO: [Opt 31-138] Pushed 0 inverter(s) to 0 load pin(s).
Netlist sorting complete. Time (s): cpu = 00:00:00 ; elapsed = 00:00:00.013 . Memory (MB): peak = 3053.484 ; gain = 0.000
INFO: [Project 1-111] Unisim Transformation Summary:
  A total of 1163 instances were transformed.
  (MUXCY,XORCY) => CARRY4: 533 instances
  FD => FDRE: 6 instances
  FDE => FDRE: 534 instances
  FDR => FDRE: 40 instances
  RAM64X1S => RAM64X1S (RAMS64E): 31 instances
  RAMB18 => RAMB18E1: 19 instances

INFO: [Common 17-83] Releasing license: Synthesis
26 Infos, 2 Warnings, 0 Critical Warnings and 0 Errors encountered.
synth_design completed successfully
synth_design: Time (s): cpu = 00:03:09 ; elapsed = 00:03:27 . Memory (MB): peak = 3053.484 ; gain = 1912.945
INFO: [Common 17-1381] The checkpoint 'C:/Users/sb/Desktop/git/jnu2023h/jnu2023h.runs/xfft_0_synth_1/xfft_0.dcp' has been generated.
WARNING: [Common 17-576] 'use_project_ipc' is deprecated. This option is deprecated and no longer used.
INFO: [Coretcl 2-1648] Added synthesis output to IP cache for IP xfft_0, cache-ID = d349c0ea30151bcb
INFO: [Coretcl 2-1174] Renamed 988 cell refs.
INFO: [Common 17-1381] The checkpoint 'C:/Users/sb/Desktop/git/jnu2023h/jnu2023h.runs/xfft_0_synth_1/xfft_0.dcp' has been generated.
INFO: [runtcl-4] Executing : report_utilization -file xfft_0_utilization_synth.rpt -pb xfft_0_utilization_synth.pb
INFO: [Common 17-206] Exiting Vivado at Mon Jun  2 20:04:20 2025...
