Vivado Simulator 2020.2
Time resolution is 1 ps
Block Memory Generator module top_tb.u_top.u_ram_4096x16.inst.\native_mem_module.blk_mem_gen_v8_4_4_inst  is using a behavioral model for simulation which will not precisely model memory collision behavior.
 Block Memory Generator module loading initial data...
 Block Memory Generator data initialization complete.
Block Memory Generator module top_tb.u_top.u_dds.u_rom_1000x8b1.inst.\native_mem_module.blk_mem_gen_v8_4_4_inst  is using a behavioral model for simulation which will not precisely model memory collision behavior.
 Block Memory Generator module loading initial data...
 Block Memory Generator data initialization complete.
Block Memory Generator module top_tb.u_top.u_dds.u_rom_1000x8b2.inst.\native_mem_module.blk_mem_gen_v8_4_4_inst  is using a behavioral model for simulation which will not precisely model memory collision behavior.
Block Memory Generator module top_tb.u_top.u_ram_4096x16.inst.\native_mem_module.blk_mem_gen_v8_4_4_inst  is using a behavioral model for simulation which will not precisely model memory collision behavior.
 Block Memory Generator module loading initial data...
 Block Memory Generator data initialization complete.
Block Memory Generator module top_tb.u_top.u_dds.u_rom_1000x8b1.inst.\native_mem_module.blk_mem_gen_v8_4_4_inst  is using a behavioral model for simulation which will not precisely model memory collision behavior.
 Block Memory Generator module loading initial data...
 Block Memory Generator data initialization complete.
Block Memory Generator module top_tb.u_top.u_dds.u_rom_1000x8b2.inst.\native_mem_module.blk_mem_gen_v8_4_4_inst  is using a behavioral model for simulation which will not precisely model memory collision behavior.
$finish called at time : 2000200 ns : File "C:/Users/sb/Desktop/git/jnu2023h/code/sim/top_tb2.v" Line 120
blk_mem_gen_v8_4_4 collision detected at time: 26102910000, Instance: top_tb.u_top.u_ram_4096x16.inst.\native_mem_module.blk_mem_gen_v8_4_4_inst , A write address: 9, B  read address: 9
blk_mem_gen_v8_4_4 collision detected at time: 26102930000, Instance: top_tb.u_top.u_ram_4096x16.inst.\native_mem_module.blk_mem_gen_v8_4_4_inst , A write address: 9, B  read address: 9
blk_mem_gen_v8_4_4 collision detected at time: 26102950000, Instance: top_tb.u_top.u_ram_4096x16.inst.\native_mem_module.blk_mem_gen_v8_4_4_inst , A write address: 9, B  read address: 9
blk_mem_gen_v8_4_4 collision detected at time: 26102970000, Instance: top_tb.u_top.u_ram_4096x16.inst.\native_mem_module.blk_mem_gen_v8_4_4_inst , A write address: 9, B  read address: 9
blk_mem_gen_v8_4_4 collision detected at time: 26102990000, Instance: top_tb.u_top.u_ram_4096x16.inst.\native_mem_module.blk_mem_gen_v8_4_4_inst , A write address: 9, B  read address: 9
blk_mem_gen_v8_4_4 collision detected at time: 26103010000, Instance: top_tb.u_top.u_ram_4096x16.inst.\native_mem_module.blk_mem_gen_v8_4_4_inst , A write address: 9, B  read address: 9
blk_mem_gen_v8_4_4 collision detected at time: 26103030000, Instance: top_tb.u_top.u_ram_4096x16.inst.\native_mem_module.blk_mem_gen_v8_4_4_inst , A write address: 9, B  read address: 9
blk_mem_gen_v8_4_4 collision detected at time: 26103050000, Instance: top_tb.u_top.u_ram_4096x16.inst.\native_mem_module.blk_mem_gen_v8_4_4_inst , A write address: 9, B  read address: 9
blk_mem_gen_v8_4_4 collision detected at time: 26103070000, Instance: top_tb.u_top.u_ram_4096x16.inst.\native_mem_module.blk_mem_gen_v8_4_4_inst , A write address: 9, B  read address: 9
blk_mem_gen_v8_4_4 collision detected at time: 26103090000, Instance: top_tb.u_top.u_ram_4096x16.inst.\native_mem_module.blk_mem_gen_v8_4_4_inst , A write address: 9, B  read address: 9
blk_mem_gen_v8_4_4 collision detected at time: 26103110000, Instance: top_tb.u_top.u_ram_4096x16.inst.\native_mem_module.blk_mem_gen_v8_4_4_inst , A write address: 9, B  read address: 9
blk_mem_gen_v8_4_4 collision detected at time: 26103130000, Instance: top_tb.u_top.u_ram_4096x16.inst.\native_mem_module.blk_mem_gen_v8_4_4_inst , A write address: 9, B  read address: 9
blk_mem_gen_v8_4_4 collision detected at time: 26103150000, Instance: top_tb.u_top.u_ram_4096x16.inst.\native_mem_module.blk_mem_gen_v8_4_4_inst , A write address: 9, B  read address: 9
blk_mem_gen_v8_4_4 collision detected at time: 26103170000, Instance: top_tb.u_top.u_ram_4096x16.inst.\native_mem_module.blk_mem_gen_v8_4_4_inst , A write address: 9, B  read address: 9
blk_mem_gen_v8_4_4 collision detected at time: 26103190000, Instance: top_tb.u_top.u_ram_4096x16.inst.\native_mem_module.blk_mem_gen_v8_4_4_inst , A write address: 9, B  read address: 9
blk_mem_gen_v8_4_4 collision detected at time: 26103210000, Instance: top_tb.u_top.u_ram_4096x16.inst.\native_mem_module.blk_mem_gen_v8_4_4_inst , A write address: 9, B  read address: 9
blk_mem_gen_v8_4_4 collision detected at time: 26103230000, Instance: top_tb.u_top.u_ram_4096x16.inst.\native_mem_module.blk_mem_gen_v8_4_4_inst , A write address: 9, B  read address: 9
blk_mem_gen_v8_4_4 collision detected at time: 26103250000, Instance: top_tb.u_top.u_ram_4096x16.inst.\native_mem_module.blk_mem_gen_v8_4_4_inst , A write address: 9, B  read address: 9
blk_mem_gen_v8_4_4 collision detected at time: 26103270000, Instance: top_tb.u_top.u_ram_4096x16.inst.\native_mem_module.blk_mem_gen_v8_4_4_inst , A write address: 9, B  read address: 9
blk_mem_gen_v8_4_4 collision detected at time: 26103290000, Instance: top_tb.u_top.u_ram_4096x16.inst.\native_mem_module.blk_mem_gen_v8_4_4_inst , A write address: 9, B  read address: 9
blk_mem_gen_v8_4_4 collision detected at time: 26103310000, Instance: top_tb.u_top.u_ram_4096x16.inst.\native_mem_module.blk_mem_gen_v8_4_4_inst , A write address: 9, B  read address: 9
blk_mem_gen_v8_4_4 collision detected at time: 26103330000, Instance: top_tb.u_top.u_ram_4096x16.inst.\native_mem_module.blk_mem_gen_v8_4_4_inst , A write address: 9, B  read address: 9
blk_mem_gen_v8_4_4 collision detected at time: 26103350000, Instance: top_tb.u_top.u_ram_4096x16.inst.\native_mem_module.blk_mem_gen_v8_4_4_inst , A write address: 9, B  read address: 9
blk_mem_gen_v8_4_4 collision detected at time: 26103370000, Instance: top_tb.u_top.u_ram_4096x16.inst.\native_mem_module.blk_mem_gen_v8_4_4_inst , A write address: 9, B  read address: 9
blk_mem_gen_v8_4_4 collision detected at time: 26103390000, Instance: top_tb.u_top.u_ram_4096x16.inst.\native_mem_module.blk_mem_gen_v8_4_4_inst , A write address: 9, B  read address: 9
blk_mem_gen_v8_4_4 collision detected at time: 26103410000, Instance: top_tb.u_top.u_ram_4096x16.inst.\native_mem_module.blk_mem_gen_v8_4_4_inst , A write address: 9, B  read address: 9
blk_mem_gen_v8_4_4 collision detected at time: 26103430000, Instance: top_tb.u_top.u_ram_4096x16.inst.\native_mem_module.blk_mem_gen_v8_4_4_inst , A write address: 9, B  read address: 9
blk_mem_gen_v8_4_4 collision detected at time: 26103450000, Instance: top_tb.u_top.u_ram_4096x16.inst.\native_mem_module.blk_mem_gen_v8_4_4_inst , A write address: 9, B  read address: 9
blk_mem_gen_v8_4_4 collision detected at time: 26103470000, Instance: top_tb.u_top.u_ram_4096x16.inst.\native_mem_module.blk_mem_gen_v8_4_4_inst , A write address: 9, B  read address: 9
blk_mem_gen_v8_4_4 collision detected at time: 26103490000, Instance: top_tb.u_top.u_ram_4096x16.inst.\native_mem_module.blk_mem_gen_v8_4_4_inst , A write address: 9, B  read address: 9
blk_mem_gen_v8_4_4 collision detected at time: 26103510000, Instance: top_tb.u_top.u_ram_4096x16.inst.\native_mem_module.blk_mem_gen_v8_4_4_inst , A write address: 9, B  read address: 9
blk_mem_gen_v8_4_4 collision detected at time: 26103530000, Instance: top_tb.u_top.u_ram_4096x16.inst.\native_mem_module.blk_mem_gen_v8_4_4_inst , A write address: 9, B  read address: 9
blk_mem_gen_v8_4_4 collision detected at time: 26103550000, Instance: top_tb.u_top.u_ram_4096x16.inst.\native_mem_module.blk_mem_gen_v8_4_4_inst , A write address: 9, B  read address: 9
blk_mem_gen_v8_4_4 collision detected at time: 26103570000, Instance: top_tb.u_top.u_ram_4096x16.inst.\native_mem_module.blk_mem_gen_v8_4_4_inst , A write address: 9, B  read address: 9
blk_mem_gen_v8_4_4 collision detected at time: 26103590000, Instance: top_tb.u_top.u_ram_4096x16.inst.\native_mem_module.blk_mem_gen_v8_4_4_inst , A write address: 9, B  read address: 9
blk_mem_gen_v8_4_4 collision detected at time: 26103610000, Instance: top_tb.u_top.u_ram_4096x16.inst.\native_mem_module.blk_mem_gen_v8_4_4_inst , A write address: 9, B  read address: 9
blk_mem_gen_v8_4_4 collision detected at time: 26103630000, Instance: top_tb.u_top.u_ram_4096x16.inst.\native_mem_module.blk_mem_gen_v8_4_4_inst , A write address: 9, B  read address: 9
blk_mem_gen_v8_4_4 collision detected at time: 26103650000, Instance: top_tb.u_top.u_ram_4096x16.inst.\native_mem_module.blk_mem_gen_v8_4_4_inst , A write address: 9, B  read address: 9
blk_mem_gen_v8_4_4 collision detected at time: 26103670000, Instance: top_tb.u_top.u_ram_4096x16.inst.\native_mem_module.blk_mem_gen_v8_4_4_inst , A write address: 9, B  read address: 9
blk_mem_gen_v8_4_4 collision detected at time: 26103690000, Instance: top_tb.u_top.u_ram_4096x16.inst.\native_mem_module.blk_mem_gen_v8_4_4_inst , A write address: 9, B  read address: 9
blk_mem_gen_v8_4_4 collision detected at time: 26103710000, Instance: top_tb.u_top.u_ram_4096x16.inst.\native_mem_module.blk_mem_gen_v8_4_4_inst , A write address: 9, B  read address: 9
blk_mem_gen_v8_4_4 collision detected at time: 26103730000, Instance: top_tb.u_top.u_ram_4096x16.inst.\native_mem_module.blk_mem_gen_v8_4_4_inst , A write address: 9, B  read address: 9
blk_mem_gen_v8_4_4 collision detected at time: 26103750000, Instance: top_tb.u_top.u_ram_4096x16.inst.\native_mem_module.blk_mem_gen_v8_4_4_inst , A write address: 9, B  read address: 9
blk_mem_gen_v8_4_4 collision detected at time: 26103770000, Instance: top_tb.u_top.u_ram_4096x16.inst.\native_mem_module.blk_mem_gen_v8_4_4_inst , A write address: 9, B  read address: 9
blk_mem_gen_v8_4_4 collision detected at time: 26103790000, Instance: top_tb.u_top.u_ram_4096x16.inst.\native_mem_module.blk_mem_gen_v8_4_4_inst , A write address: 9, B  read address: 9
blk_mem_gen_v8_4_4 collision detected at time: 26103810000, Instance: top_tb.u_top.u_ram_4096x16.inst.\native_mem_module.blk_mem_gen_v8_4_4_inst , A write address: 9, B  read address: 9
blk_mem_gen_v8_4_4 collision detected at time: 26103830000, Instance: top_tb.u_top.u_ram_4096x16.inst.\native_mem_module.blk_mem_gen_v8_4_4_inst , A write address: 9, B  read address: 9
blk_mem_gen_v8_4_4 collision detected at time: 26103850000, Instance: top_tb.u_top.u_ram_4096x16.inst.\native_mem_module.blk_mem_gen_v8_4_4_inst , A write address: 9, B  read address: 9
blk_mem_gen_v8_4_4 collision detected at time: 26103870000, Instance: top_tb.u_top.u_ram_4096x16.inst.\native_mem_module.blk_mem_gen_v8_4_4_inst , A write address: 9, B  read address: 9
blk_mem_gen_v8_4_4 collision detected at time: 26103890000, Instance: top_tb.u_top.u_ram_4096x16.inst.\native_mem_module.blk_mem_gen_v8_4_4_inst , A write address: 9, B  read address: 9
blk_mem_gen_v8_4_4 collision detected at time: 26103910000, Instance: top_tb.u_top.u_ram_4096x16.inst.\native_mem_module.blk_mem_gen_v8_4_4_inst , A write address: 9, B  read address: 9
blk_mem_gen_v8_4_4 collision detected at time: 26103930000, Instance: top_tb.u_top.u_ram_4096x16.inst.\native_mem_module.blk_mem_gen_v8_4_4_inst , A write address: 9, B  read address: 9
blk_mem_gen_v8_4_4 collision detected at time: 26103950000, Instance: top_tb.u_top.u_ram_4096x16.inst.\native_mem_module.blk_mem_gen_v8_4_4_inst , A write address: 9, B  read address: 9
blk_mem_gen_v8_4_4 collision detected at time: 26103970000, Instance: top_tb.u_top.u_ram_4096x16.inst.\native_mem_module.blk_mem_gen_v8_4_4_inst , A write address: 9, B  read address: 9
blk_mem_gen_v8_4_4 collision detected at time: 26103990000, Instance: top_tb.u_top.u_ram_4096x16.inst.\native_mem_module.blk_mem_gen_v8_4_4_inst , A write address: 9, B  read address: 9
blk_mem_gen_v8_4_4 collision detected at time: 26104010000, Instance: top_tb.u_top.u_ram_4096x16.inst.\native_mem_module.blk_mem_gen_v8_4_4_inst , A write address: 9, B  read address: 9
blk_mem_gen_v8_4_4 collision detected at time: 26104030000, Instance: top_tb.u_top.u_ram_4096x16.inst.\native_mem_module.blk_mem_gen_v8_4_4_inst , A write address: 9, B  read address: 9
blk_mem_gen_v8_4_4 collision detected at time: 26104050000, Instance: top_tb.u_top.u_ram_4096x16.inst.\native_mem_module.blk_mem_gen_v8_4_4_inst , A write address: 9, B  read address: 9
blk_mem_gen_v8_4_4 collision detected at time: 26104070000, Instance: top_tb.u_top.u_ram_4096x16.inst.\native_mem_module.blk_mem_gen_v8_4_4_inst , A write address: 9, B  read address: 9
blk_mem_gen_v8_4_4 collision detected at time: 26104090000, Instance: top_tb.u_top.u_ram_4096x16.inst.\native_mem_module.blk_mem_gen_v8_4_4_inst , A write address: 9, B  read address: 9
blk_mem_gen_v8_4_4 collision detected at time: 26104110000, Instance: top_tb.u_top.u_ram_4096x16.inst.\native_mem_module.blk_mem_gen_v8_4_4_inst , A write address: 9, B  read address: 9
blk_mem_gen_v8_4_4 collision detected at time: 26104130000, Instance: top_tb.u_top.u_ram_4096x16.inst.\native_mem_module.blk_mem_gen_v8_4_4_inst , A write address: 9, B  read address: 9
blk_mem_gen_v8_4_4 collision detected at time: 26104150000, Instance: top_tb.u_top.u_ram_4096x16.inst.\native_mem_module.blk_mem_gen_v8_4_4_inst , A write address: 9, B  read address: 9
blk_mem_gen_v8_4_4 collision detected at time: 26104170000, Instance: top_tb.u_top.u_ram_4096x16.inst.\native_mem_module.blk_mem_gen_v8_4_4_inst , A write address: 9, B  read address: 9
blk_mem_gen_v8_4_4 collision detected at time: 26104190000, Instance: top_tb.u_top.u_ram_4096x16.inst.\native_mem_module.blk_mem_gen_v8_4_4_inst , A write address: 9, B  read address: 9
blk_mem_gen_v8_4_4 collision detected at time: 26104210000, Instance: top_tb.u_top.u_ram_4096x16.inst.\native_mem_module.blk_mem_gen_v8_4_4_inst , A write address: 9, B  read address: 9
blk_mem_gen_v8_4_4 collision detected at time: 26104230000, Instance: top_tb.u_top.u_ram_4096x16.inst.\native_mem_module.blk_mem_gen_v8_4_4_inst , A write address: 9, B  read address: 9
blk_mem_gen_v8_4_4 collision detected at time: 26104250000, Instance: top_tb.u_top.u_ram_4096x16.inst.\native_mem_module.blk_mem_gen_v8_4_4_inst , A write address: 9, B  read address: 9
blk_mem_gen_v8_4_4 collision detected at time: 26104270000, Instance: top_tb.u_top.u_ram_4096x16.inst.\native_mem_module.blk_mem_gen_v8_4_4_inst , A write address: 9, B  read address: 9
blk_mem_gen_v8_4_4 collision detected at time: 26104290000, Instance: top_tb.u_top.u_ram_4096x16.inst.\native_mem_module.blk_mem_gen_v8_4_4_inst , A write address: 9, B  read address: 9
blk_mem_gen_v8_4_4 collision detected at time: 26104310000, Instance: top_tb.u_top.u_ram_4096x16.inst.\native_mem_module.blk_mem_gen_v8_4_4_inst , A write address: 9, B  read address: 9
blk_mem_gen_v8_4_4 collision detected at time: 26104330000, Instance: top_tb.u_top.u_ram_4096x16.inst.\native_mem_module.blk_mem_gen_v8_4_4_inst , A write address: 9, B  read address: 9
blk_mem_gen_v8_4_4 collision detected at time: 26104350000, Instance: top_tb.u_top.u_ram_4096x16.inst.\native_mem_module.blk_mem_gen_v8_4_4_inst , A write address: 9, B  read address: 9
blk_mem_gen_v8_4_4 collision detected at time: 26104370000, Instance: top_tb.u_top.u_ram_4096x16.inst.\native_mem_module.blk_mem_gen_v8_4_4_inst , A write address: 9, B  read address: 9
blk_mem_gen_v8_4_4 collision detected at time: 26104390000, Instance: top_tb.u_top.u_ram_4096x16.inst.\native_mem_module.blk_mem_gen_v8_4_4_inst , A write address: 9, B  read address: 9
blk_mem_gen_v8_4_4 collision detected at time: 26104410000, Instance: top_tb.u_top.u_ram_4096x16.inst.\native_mem_module.blk_mem_gen_v8_4_4_inst , A write address: 9, B  read address: 9
blk_mem_gen_v8_4_4 collision detected at time: 26104430000, Instance: top_tb.u_top.u_ram_4096x16.inst.\native_mem_module.blk_mem_gen_v8_4_4_inst , A write address: 9, B  read address: 9
blk_mem_gen_v8_4_4 collision detected at time: 26104450000, Instance: top_tb.u_top.u_ram_4096x16.inst.\native_mem_module.blk_mem_gen_v8_4_4_inst , A write address: 9, B  read address: 9
blk_mem_gen_v8_4_4 collision detected at time: 26104470000, Instance: top_tb.u_top.u_ram_4096x16.inst.\native_mem_module.blk_mem_gen_v8_4_4_inst , A write address: 9, B  read address: 9
blk_mem_gen_v8_4_4 collision detected at time: 26104490000, Instance: top_tb.u_top.u_ram_4096x16.inst.\native_mem_module.blk_mem_gen_v8_4_4_inst , A write address: 9, B  read address: 9
blk_mem_gen_v8_4_4 collision detected at time: 26104510000, Instance: top_tb.u_top.u_ram_4096x16.inst.\native_mem_module.blk_mem_gen_v8_4_4_inst , A write address: 9, B  read address: 9
blk_mem_gen_v8_4_4 collision detected at time: 26104530000, Instance: top_tb.u_top.u_ram_4096x16.inst.\native_mem_module.blk_mem_gen_v8_4_4_inst , A write address: 9, B  read address: 9
blk_mem_gen_v8_4_4 collision detected at time: 26104550000, Instance: top_tb.u_top.u_ram_4096x16.inst.\native_mem_module.blk_mem_gen_v8_4_4_inst , A write address: 9, B  read address: 9
blk_mem_gen_v8_4_4 collision detected at time: 26104570000, Instance: top_tb.u_top.u_ram_4096x16.inst.\native_mem_module.blk_mem_gen_v8_4_4_inst , A write address: 9, B  read address: 9
blk_mem_gen_v8_4_4 collision detected at time: 26104590000, Instance: top_tb.u_top.u_ram_4096x16.inst.\native_mem_module.blk_mem_gen_v8_4_4_inst , A write address: 9, B  read address: 9
blk_mem_gen_v8_4_4 collision detected at time: 26104610000, Instance: top_tb.u_top.u_ram_4096x16.inst.\native_mem_module.blk_mem_gen_v8_4_4_inst , A write address: 9, B  read address: 9
blk_mem_gen_v8_4_4 collision detected at time: 26104630000, Instance: top_tb.u_top.u_ram_4096x16.inst.\native_mem_module.blk_mem_gen_v8_4_4_inst , A write address: 9, B  read address: 9
blk_mem_gen_v8_4_4 collision detected at time: 26104650000, Instance: top_tb.u_top.u_ram_4096x16.inst.\native_mem_module.blk_mem_gen_v8_4_4_inst , A write address: 9, B  read address: 9
blk_mem_gen_v8_4_4 collision detected at time: 26104670000, Instance: top_tb.u_top.u_ram_4096x16.inst.\native_mem_module.blk_mem_gen_v8_4_4_inst , A write address: 9, B  read address: 9
blk_mem_gen_v8_4_4 collision detected at time: 26104690000, Instance: top_tb.u_top.u_ram_4096x16.inst.\native_mem_module.blk_mem_gen_v8_4_4_inst , A write address: 9, B  read address: 9
blk_mem_gen_v8_4_4 collision detected at time: 26104710000, Instance: top_tb.u_top.u_ram_4096x16.inst.\native_mem_module.blk_mem_gen_v8_4_4_inst , A write address: 9, B  read address: 9
blk_mem_gen_v8_4_4 collision detected at time: 26104730000, Instance: top_tb.u_top.u_ram_4096x16.inst.\native_mem_module.blk_mem_gen_v8_4_4_inst , A write address: 9, B  read address: 9
blk_mem_gen_v8_4_4 collision detected at time: 26104750000, Instance: top_tb.u_top.u_ram_4096x16.inst.\native_mem_module.blk_mem_gen_v8_4_4_inst , A write address: 9, B  read address: 9
blk_mem_gen_v8_4_4 collision detected at time: 26104770000, Instance: top_tb.u_top.u_ram_4096x16.inst.\native_mem_module.blk_mem_gen_v8_4_4_inst , A write address: 9, B  read address: 9
blk_mem_gen_v8_4_4 collision detected at time: 26104790000, Instance: top_tb.u_top.u_ram_4096x16.inst.\native_mem_module.blk_mem_gen_v8_4_4_inst , A write address: 9, B  read address: 9
blk_mem_gen_v8_4_4 collision detected at time: 26104810000, Instance: top_tb.u_top.u_ram_4096x16.inst.\native_mem_module.blk_mem_gen_v8_4_4_inst , A write address: 9, B  read address: 9
blk_mem_gen_v8_4_4 collision detected at time: 26104830000, Instance: top_tb.u_top.u_ram_4096x16.inst.\native_mem_module.blk_mem_gen_v8_4_4_inst , A write address: 9, B  read address: 9
blk_mem_gen_v8_4_4 collision detected at time: 26104850000, Instance: top_tb.u_top.u_ram_4096x16.inst.\native_mem_module.blk_mem_gen_v8_4_4_inst , A write address: 9, B  read address: 9
blk_mem_gen_v8_4_4 collision detected at time: 26104870000, Instance: top_tb.u_top.u_ram_4096x16.inst.\native_mem_module.blk_mem_gen_v8_4_4_inst , A write address: 9, B  read address: 9
blk_mem_gen_v8_4_4 collision detected at time: 26104890000, Instance: top_tb.u_top.u_ram_4096x16.inst.\native_mem_module.blk_mem_gen_v8_4_4_inst , A write address: 9, B  read address: 9
blk_mem_gen_v8_4_4 collision detected at time: 26104910000, Instance: top_tb.u_top.u_ram_4096x16.inst.\native_mem_module.blk_mem_gen_v8_4_4_inst , A write address: 9, B  read address: 9
blk_mem_gen_v8_4_4 collision detected at time: 26104930000, Instance: top_tb.u_top.u_ram_4096x16.inst.\native_mem_module.blk_mem_gen_v8_4_4_inst , A write address: 9, B  read address: 9
blk_mem_gen_v8_4_4 collision detected at time: 26104950000, Instance: top_tb.u_top.u_ram_4096x16.inst.\native_mem_module.blk_mem_gen_v8_4_4_inst , A write address: 9, B  read address: 9
blk_mem_gen_v8_4_4 collision detected at time: 26104970000, Instance: top_tb.u_top.u_ram_4096x16.inst.\native_mem_module.blk_mem_gen_v8_4_4_inst , A write address: 9, B  read address: 9
blk_mem_gen_v8_4_4 collision detected at time: 26104990000, Instance: top_tb.u_top.u_ram_4096x16.inst.\native_mem_module.blk_mem_gen_v8_4_4_inst , A write address: 9, B  read address: 9
blk_mem_gen_v8_4_4 collision detected at time: 26105010000, Instance: top_tb.u_top.u_ram_4096x16.inst.\native_mem_module.blk_mem_gen_v8_4_4_inst , A write address: 9, B  read address: 9
blk_mem_gen_v8_4_4 collision detected at time: 26105030000, Instance: top_tb.u_top.u_ram_4096x16.inst.\native_mem_module.blk_mem_gen_v8_4_4_inst , A write address: 9, B  read address: 9
blk_mem_gen_v8_4_4 collision detected at time: 26105050000, Instance: top_tb.u_top.u_ram_4096x16.inst.\native_mem_module.blk_mem_gen_v8_4_4_inst , A write address: 9, B  read address: 9
blk_mem_gen_v8_4_4 collision detected at time: 26105070000, Instance: top_tb.u_top.u_ram_4096x16.inst.\native_mem_module.blk_mem_gen_v8_4_4_inst , A write address: 9, B  read address: 9
blk_mem_gen_v8_4_4 collision detected at time: 26105090000, Instance: top_tb.u_top.u_ram_4096x16.inst.\native_mem_module.blk_mem_gen_v8_4_4_inst , A write address: 9, B  read address: 9
blk_mem_gen_v8_4_4 collision detected at time: 26105110000, Instance: top_tb.u_top.u_ram_4096x16.inst.\native_mem_module.blk_mem_gen_v8_4_4_inst , A write address: 9, B  read address: 9
blk_mem_gen_v8_4_4 collision detected at time: 26105130000, Instance: top_tb.u_top.u_ram_4096x16.inst.\native_mem_module.blk_mem_gen_v8_4_4_inst , A write address: 9, B  read address: 9
blk_mem_gen_v8_4_4 collision detected at time: 26105150000, Instance: top_tb.u_top.u_ram_4096x16.inst.\native_mem_module.blk_mem_gen_v8_4_4_inst , A write address: 9, B  read address: 9
blk_mem_gen_v8_4_4 collision detected at time: 26105170000, Instance: top_tb.u_top.u_ram_4096x16.inst.\native_mem_module.blk_mem_gen_v8_4_4_inst , A write address: 9, B  read address: 9
blk_mem_gen_v8_4_4 collision detected at time: 26105190000, Instance: top_tb.u_top.u_ram_4096x16.inst.\native_mem_module.blk_mem_gen_v8_4_4_inst , A write address: 9, B  read address: 9
blk_mem_gen_v8_4_4 collision detected at time: 26105210000, Instance: top_tb.u_top.u_ram_4096x16.inst.\native_mem_module.blk_mem_gen_v8_4_4_inst , A write address: 9, B  read address: 9
blk_mem_gen_v8_4_4 collision detected at time: 26105230000, Instance: top_tb.u_top.u_ram_4096x16.inst.\native_mem_module.blk_mem_gen_v8_4_4_inst , A write address: 9, B  read address: 9
blk_mem_gen_v8_4_4 collision detected at time: 26105250000, Instance: top_tb.u_top.u_ram_4096x16.inst.\native_mem_module.blk_mem_gen_v8_4_4_inst , A write address: 9, B  read address: 9
blk_mem_gen_v8_4_4 collision detected at time: 26105270000, Instance: top_tb.u_top.u_ram_4096x16.inst.\native_mem_module.blk_mem_gen_v8_4_4_inst , A write address: 9, B  read address: 9
blk_mem_gen_v8_4_4 collision detected at time: 26105290000, Instance: top_tb.u_top.u_ram_4096x16.inst.\native_mem_module.blk_mem_gen_v8_4_4_inst , A write address: 9, B  read address: 9
blk_mem_gen_v8_4_4 collision detected at time: 26105310000, Instance: top_tb.u_top.u_ram_4096x16.inst.\native_mem_module.blk_mem_gen_v8_4_4_inst , A write address: 9, B  read address: 9
blk_mem_gen_v8_4_4 collision detected at time: 26105330000, Instance: top_tb.u_top.u_ram_4096x16.inst.\native_mem_module.blk_mem_gen_v8_4_4_inst , A write address: 9, B  read address: 9
blk_mem_gen_v8_4_4 collision detected at time: 26105350000, Instance: top_tb.u_top.u_ram_4096x16.inst.\native_mem_module.blk_mem_gen_v8_4_4_inst , A write address: 9, B  read address: 9
blk_mem_gen_v8_4_4 collision detected at time: 26105370000, Instance: top_tb.u_top.u_ram_4096x16.inst.\native_mem_module.blk_mem_gen_v8_4_4_inst , A write address: 9, B  read address: 9
blk_mem_gen_v8_4_4 collision detected at time: 26105390000, Instance: top_tb.u_top.u_ram_4096x16.inst.\native_mem_module.blk_mem_gen_v8_4_4_inst , A write address: 9, B  read address: 9
blk_mem_gen_v8_4_4 collision detected at time: 26105410000, Instance: top_tb.u_top.u_ram_4096x16.inst.\native_mem_module.blk_mem_gen_v8_4_4_inst , A write address: 9, B  read address: 9
blk_mem_gen_v8_4_4 collision detected at time: 26105430000, Instance: top_tb.u_top.u_ram_4096x16.inst.\native_mem_module.blk_mem_gen_v8_4_4_inst , A write address: 9, B  read address: 9
blk_mem_gen_v8_4_4 collision detected at time: 26105450000, Instance: top_tb.u_top.u_ram_4096x16.inst.\native_mem_module.blk_mem_gen_v8_4_4_inst , A write address: 9, B  read address: 9
blk_mem_gen_v8_4_4 collision detected at time: 26105470000, Instance: top_tb.u_top.u_ram_4096x16.inst.\native_mem_module.blk_mem_gen_v8_4_4_inst , A write address: 9, B  read address: 9
blk_mem_gen_v8_4_4 collision detected at time: 26105490000, Instance: top_tb.u_top.u_ram_4096x16.inst.\native_mem_module.blk_mem_gen_v8_4_4_inst , A write address: 9, B  read address: 9
blk_mem_gen_v8_4_4 collision detected at time: 26105510000, Instance: top_tb.u_top.u_ram_4096x16.inst.\native_mem_module.blk_mem_gen_v8_4_4_inst , A write address: 9, B  read address: 9
blk_mem_gen_v8_4_4 collision detected at time: 26105530000, Instance: top_tb.u_top.u_ram_4096x16.inst.\native_mem_module.blk_mem_gen_v8_4_4_inst , A write address: 9, B  read address: 9
blk_mem_gen_v8_4_4 collision detected at time: 26105550000, Instance: top_tb.u_top.u_ram_4096x16.inst.\native_mem_module.blk_mem_gen_v8_4_4_inst , A write address: 9, B  read address: 9
blk_mem_gen_v8_4_4 collision detected at time: 26105570000, Instance: top_tb.u_top.u_ram_4096x16.inst.\native_mem_module.blk_mem_gen_v8_4_4_inst , A write address: 9, B  read address: 9
blk_mem_gen_v8_4_4 collision detected at time: 26105590000, Instance: top_tb.u_top.u_ram_4096x16.inst.\native_mem_module.blk_mem_gen_v8_4_4_inst , A write address: 9, B  read address: 9
blk_mem_gen_v8_4_4 collision detected at time: 26105610000, Instance: top_tb.u_top.u_ram_4096x16.inst.\native_mem_module.blk_mem_gen_v8_4_4_inst , A write address: 9, B  read address: 9
blk_mem_gen_v8_4_4 collision detected at time: 26105630000, Instance: top_tb.u_top.u_ram_4096x16.inst.\native_mem_module.blk_mem_gen_v8_4_4_inst , A write address: 9, B  read address: 9
blk_mem_gen_v8_4_4 collision detected at time: 26105650000, Instance: top_tb.u_top.u_ram_4096x16.inst.\native_mem_module.blk_mem_gen_v8_4_4_inst , A write address: 9, B  read address: 9
blk_mem_gen_v8_4_4 collision detected at time: 26105670000, Instance: top_tb.u_top.u_ram_4096x16.inst.\native_mem_module.blk_mem_gen_v8_4_4_inst , A write address: 9, B  read address: 9
blk_mem_gen_v8_4_4 collision detected at time: 26105690000, Instance: top_tb.u_top.u_ram_4096x16.inst.\native_mem_module.blk_mem_gen_v8_4_4_inst , A write address: 9, B  read address: 9
blk_mem_gen_v8_4_4 collision detected at time: 26105710000, Instance: top_tb.u_top.u_ram_4096x16.inst.\native_mem_module.blk_mem_gen_v8_4_4_inst , A write address: 9, B  read address: 9
blk_mem_gen_v8_4_4 collision detected at time: 26105730000, Instance: top_tb.u_top.u_ram_4096x16.inst.\native_mem_module.blk_mem_gen_v8_4_4_inst , A write address: 9, B  read address: 9
blk_mem_gen_v8_4_4 collision detected at time: 26105750000, Instance: top_tb.u_top.u_ram_4096x16.inst.\native_mem_module.blk_mem_gen_v8_4_4_inst , A write address: 9, B  read address: 9
blk_mem_gen_v8_4_4 collision detected at time: 26105770000, Instance: top_tb.u_top.u_ram_4096x16.inst.\native_mem_module.blk_mem_gen_v8_4_4_inst , A write address: 9, B  read address: 9
blk_mem_gen_v8_4_4 collision detected at time: 26105790000, Instance: top_tb.u_top.u_ram_4096x16.inst.\native_mem_module.blk_mem_gen_v8_4_4_inst , A write address: 9, B  read address: 9
blk_mem_gen_v8_4_4 collision detected at time: 26105810000, Instance: top_tb.u_top.u_ram_4096x16.inst.\native_mem_module.blk_mem_gen_v8_4_4_inst , A write address: 9, B  read address: 9
blk_mem_gen_v8_4_4 collision detected at time: 26105830000, Instance: top_tb.u_top.u_ram_4096x16.inst.\native_mem_module.blk_mem_gen_v8_4_4_inst , A write address: 9, B  read address: 9
blk_mem_gen_v8_4_4 collision detected at time: 26105850000, Instance: top_tb.u_top.u_ram_4096x16.inst.\native_mem_module.blk_mem_gen_v8_4_4_inst , A write address: 9, B  read address: 9
blk_mem_gen_v8_4_4 collision detected at time: 26105870000, Instance: top_tb.u_top.u_ram_4096x16.inst.\native_mem_module.blk_mem_gen_v8_4_4_inst , A write address: 9, B  read address: 9
blk_mem_gen_v8_4_4 collision detected at time: 26105890000, Instance: top_tb.u_top.u_ram_4096x16.inst.\native_mem_module.blk_mem_gen_v8_4_4_inst , A write address: 9, B  read address: 9
blk_mem_gen_v8_4_4 collision detected at time: 26105910000, Instance: top_tb.u_top.u_ram_4096x16.inst.\native_mem_module.blk_mem_gen_v8_4_4_inst , A write address: 9, B  read address: 9
blk_mem_gen_v8_4_4 collision detected at time: 26105930000, Instance: top_tb.u_top.u_ram_4096x16.inst.\native_mem_module.blk_mem_gen_v8_4_4_inst , A write address: 9, B  read address: 9
blk_mem_gen_v8_4_4 collision detected at time: 26105950000, Instance: top_tb.u_top.u_ram_4096x16.inst.\native_mem_module.blk_mem_gen_v8_4_4_inst , A write address: 9, B  read address: 9
blk_mem_gen_v8_4_4 collision detected at time: 26105970000, Instance: top_tb.u_top.u_ram_4096x16.inst.\native_mem_module.blk_mem_gen_v8_4_4_inst , A write address: 9, B  read address: 9
blk_mem_gen_v8_4_4 collision detected at time: 26105990000, Instance: top_tb.u_top.u_ram_4096x16.inst.\native_mem_module.blk_mem_gen_v8_4_4_inst , A write address: 9, B  read address: 9
blk_mem_gen_v8_4_4 collision detected at time: 26106010000, Instance: top_tb.u_top.u_ram_4096x16.inst.\native_mem_module.blk_mem_gen_v8_4_4_inst , A write address: 9, B  read address: 9
Block Memory Generator module top_tb.u_top.u_ram_4096x16.inst.\native_mem_module.blk_mem_gen_v8_4_4_inst  is using a behavioral model for simulation which will not precisely model memory collision behavior.
 Block Memory Generator module loading initial data...
 Block Memory Generator data initialization complete.
Block Memory Generator module top_tb.u_top.u_dds.u_rom_1000x8b1.inst.\native_mem_module.blk_mem_gen_v8_4_4_inst  is using a behavioral model for simulation which will not precisely model memory collision behavior.
 Block Memory Generator module loading initial data...
 Block Memory Generator data initialization complete.
Block Memory Generator module top_tb.u_top.u_dds.u_rom_1000x8b2.inst.\native_mem_module.blk_mem_gen_v8_4_4_inst  is using a behavioral model for simulation which will not precisely model memory collision behavior.
$finish called at time : 2000200 ns : File "C:/Users/sb/Desktop/git/jnu2023h/code/sim/top_tb2.v" Line 120
blk_mem_gen_v8_4_4 collision detected at time: 26102910000, Instance: top_tb.u_top.u_ram_4096x16.inst.\native_mem_module.blk_mem_gen_v8_4_4_inst , A write address: 9, B  read address: 9
blk_mem_gen_v8_4_4 collision detected at time: 26102930000, Instance: top_tb.u_top.u_ram_4096x16.inst.\native_mem_module.blk_mem_gen_v8_4_4_inst , A write address: 9, B  read address: 9
blk_mem_gen_v8_4_4 collision detected at time: 26102950000, Instance: top_tb.u_top.u_ram_4096x16.inst.\native_mem_module.blk_mem_gen_v8_4_4_inst , A write address: 9, B  read address: 9
blk_mem_gen_v8_4_4 collision detected at time: 26102970000, Instance: top_tb.u_top.u_ram_4096x16.inst.\native_mem_module.blk_mem_gen_v8_4_4_inst , A write address: 9, B  read address: 9
blk_mem_gen_v8_4_4 collision detected at time: 26102990000, Instance: top_tb.u_top.u_ram_4096x16.inst.\native_mem_module.blk_mem_gen_v8_4_4_inst , A write address: 9, B  read address: 9
blk_mem_gen_v8_4_4 collision detected at time: 26103010000, Instance: top_tb.u_top.u_ram_4096x16.inst.\native_mem_module.blk_mem_gen_v8_4_4_inst , A write address: 9, B  read address: 9
blk_mem_gen_v8_4_4 collision detected at time: 26103030000, Instance: top_tb.u_top.u_ram_4096x16.inst.\native_mem_module.blk_mem_gen_v8_4_4_inst , A write address: 9, B  read address: 9
blk_mem_gen_v8_4_4 collision detected at time: 26103050000, Instance: top_tb.u_top.u_ram_4096x16.inst.\native_mem_module.blk_mem_gen_v8_4_4_inst , A write address: 9, B  read address: 9
blk_mem_gen_v8_4_4 collision detected at time: 26103070000, Instance: top_tb.u_top.u_ram_4096x16.inst.\native_mem_module.blk_mem_gen_v8_4_4_inst , A write address: 9, B  read address: 9
blk_mem_gen_v8_4_4 collision detected at time: 26103090000, Instance: top_tb.u_top.u_ram_4096x16.inst.\native_mem_module.blk_mem_gen_v8_4_4_inst , A write address: 9, B  read address: 9
blk_mem_gen_v8_4_4 collision detected at time: 26103110000, Instance: top_tb.u_top.u_ram_4096x16.inst.\native_mem_module.blk_mem_gen_v8_4_4_inst , A write address: 9, B  read address: 9
blk_mem_gen_v8_4_4 collision detected at time: 26103130000, Instance: top_tb.u_top.u_ram_4096x16.inst.\native_mem_module.blk_mem_gen_v8_4_4_inst , A write address: 9, B  read address: 9
blk_mem_gen_v8_4_4 collision detected at time: 26103150000, Instance: top_tb.u_top.u_ram_4096x16.inst.\native_mem_module.blk_mem_gen_v8_4_4_inst , A write address: 9, B  read address: 9
blk_mem_gen_v8_4_4 collision detected at time: 26103170000, Instance: top_tb.u_top.u_ram_4096x16.inst.\native_mem_module.blk_mem_gen_v8_4_4_inst , A write address: 9, B  read address: 9
blk_mem_gen_v8_4_4 collision detected at time: 26103190000, Instance: top_tb.u_top.u_ram_4096x16.inst.\native_mem_module.blk_mem_gen_v8_4_4_inst , A write address: 9, B  read address: 9
blk_mem_gen_v8_4_4 collision detected at time: 26103210000, Instance: top_tb.u_top.u_ram_4096x16.inst.\native_mem_module.blk_mem_gen_v8_4_4_inst , A write address: 9, B  read address: 9
blk_mem_gen_v8_4_4 collision detected at time: 26103230000, Instance: top_tb.u_top.u_ram_4096x16.inst.\native_mem_module.blk_mem_gen_v8_4_4_inst , A write address: 9, B  read address: 9
blk_mem_gen_v8_4_4 collision detected at time: 26103250000, Instance: top_tb.u_top.u_ram_4096x16.inst.\native_mem_module.blk_mem_gen_v8_4_4_inst , A write address: 9, B  read address: 9
blk_mem_gen_v8_4_4 collision detected at time: 26103270000, Instance: top_tb.u_top.u_ram_4096x16.inst.\native_mem_module.blk_mem_gen_v8_4_4_inst , A write address: 9, B  read address: 9
blk_mem_gen_v8_4_4 collision detected at time: 26103290000, Instance: top_tb.u_top.u_ram_4096x16.inst.\native_mem_module.blk_mem_gen_v8_4_4_inst , A write address: 9, B  read address: 9
blk_mem_gen_v8_4_4 collision detected at time: 26103310000, Instance: top_tb.u_top.u_ram_4096x16.inst.\native_mem_module.blk_mem_gen_v8_4_4_inst , A write address: 9, B  read address: 9
blk_mem_gen_v8_4_4 collision detected at time: 26103330000, Instance: top_tb.u_top.u_ram_4096x16.inst.\native_mem_module.blk_mem_gen_v8_4_4_inst , A write address: 9, B  read address: 9
blk_mem_gen_v8_4_4 collision detected at time: 26103350000, Instance: top_tb.u_top.u_ram_4096x16.inst.\native_mem_module.blk_mem_gen_v8_4_4_inst , A write address: 9, B  read address: 9
blk_mem_gen_v8_4_4 collision detected at time: 26103370000, Instance: top_tb.u_top.u_ram_4096x16.inst.\native_mem_module.blk_mem_gen_v8_4_4_inst , A write address: 9, B  read address: 9
blk_mem_gen_v8_4_4 collision detected at time: 26103390000, Instance: top_tb.u_top.u_ram_4096x16.inst.\native_mem_module.blk_mem_gen_v8_4_4_inst , A write address: 9, B  read address: 9
blk_mem_gen_v8_4_4 collision detected at time: 26103410000, Instance: top_tb.u_top.u_ram_4096x16.inst.\native_mem_module.blk_mem_gen_v8_4_4_inst , A write address: 9, B  read address: 9
blk_mem_gen_v8_4_4 collision detected at time: 26103430000, Instance: top_tb.u_top.u_ram_4096x16.inst.\native_mem_module.blk_mem_gen_v8_4_4_inst , A write address: 9, B  read address: 9
blk_mem_gen_v8_4_4 collision detected at time: 26103450000, Instance: top_tb.u_top.u_ram_4096x16.inst.\native_mem_module.blk_mem_gen_v8_4_4_inst , A write address: 9, B  read address: 9
blk_mem_gen_v8_4_4 collision detected at time: 26103470000, Instance: top_tb.u_top.u_ram_4096x16.inst.\native_mem_module.blk_mem_gen_v8_4_4_inst , A write address: 9, B  read address: 9
blk_mem_gen_v8_4_4 collision detected at time: 26103490000, Instance: top_tb.u_top.u_ram_4096x16.inst.\native_mem_module.blk_mem_gen_v8_4_4_inst , A write address: 9, B  read address: 9
blk_mem_gen_v8_4_4 collision detected at time: 26103510000, Instance: top_tb.u_top.u_ram_4096x16.inst.\native_mem_module.blk_mem_gen_v8_4_4_inst , A write address: 9, B  read address: 9
blk_mem_gen_v8_4_4 collision detected at time: 26103530000, Instance: top_tb.u_top.u_ram_4096x16.inst.\native_mem_module.blk_mem_gen_v8_4_4_inst , A write address: 9, B  read address: 9
blk_mem_gen_v8_4_4 collision detected at time: 26103550000, Instance: top_tb.u_top.u_ram_4096x16.inst.\native_mem_module.blk_mem_gen_v8_4_4_inst , A write address: 9, B  read address: 9
blk_mem_gen_v8_4_4 collision detected at time: 26103570000, Instance: top_tb.u_top.u_ram_4096x16.inst.\native_mem_module.blk_mem_gen_v8_4_4_inst , A write address: 9, B  read address: 9
blk_mem_gen_v8_4_4 collision detected at time: 26103590000, Instance: top_tb.u_top.u_ram_4096x16.inst.\native_mem_module.blk_mem_gen_v8_4_4_inst , A write address: 9, B  read address: 9
blk_mem_gen_v8_4_4 collision detected at time: 26103610000, Instance: top_tb.u_top.u_ram_4096x16.inst.\native_mem_module.blk_mem_gen_v8_4_4_inst , A write address: 9, B  read address: 9
blk_mem_gen_v8_4_4 collision detected at time: 26103630000, Instance: top_tb.u_top.u_ram_4096x16.inst.\native_mem_module.blk_mem_gen_v8_4_4_inst , A write address: 9, B  read address: 9
blk_mem_gen_v8_4_4 collision detected at time: 26103650000, Instance: top_tb.u_top.u_ram_4096x16.inst.\native_mem_module.blk_mem_gen_v8_4_4_inst , A write address: 9, B  read address: 9
blk_mem_gen_v8_4_4 collision detected at time: 26103670000, Instance: top_tb.u_top.u_ram_4096x16.inst.\native_mem_module.blk_mem_gen_v8_4_4_inst , A write address: 9, B  read address: 9
blk_mem_gen_v8_4_4 collision detected at time: 26103690000, Instance: top_tb.u_top.u_ram_4096x16.inst.\native_mem_module.blk_mem_gen_v8_4_4_inst , A write address: 9, B  read address: 9
blk_mem_gen_v8_4_4 collision detected at time: 26103710000, Instance: top_tb.u_top.u_ram_4096x16.inst.\native_mem_module.blk_mem_gen_v8_4_4_inst , A write address: 9, B  read address: 9
blk_mem_gen_v8_4_4 collision detected at time: 26103730000, Instance: top_tb.u_top.u_ram_4096x16.inst.\native_mem_module.blk_mem_gen_v8_4_4_inst , A write address: 9, B  read address: 9
blk_mem_gen_v8_4_4 collision detected at time: 26103750000, Instance: top_tb.u_top.u_ram_4096x16.inst.\native_mem_module.blk_mem_gen_v8_4_4_inst , A write address: 9, B  read address: 9
blk_mem_gen_v8_4_4 collision detected at time: 26103770000, Instance: top_tb.u_top.u_ram_4096x16.inst.\native_mem_module.blk_mem_gen_v8_4_4_inst , A write address: 9, B  read address: 9
blk_mem_gen_v8_4_4 collision detected at time: 26103790000, Instance: top_tb.u_top.u_ram_4096x16.inst.\native_mem_module.blk_mem_gen_v8_4_4_inst , A write address: 9, B  read address: 9
blk_mem_gen_v8_4_4 collision detected at time: 26103810000, Instance: top_tb.u_top.u_ram_4096x16.inst.\native_mem_module.blk_mem_gen_v8_4_4_inst , A write address: 9, B  read address: 9
blk_mem_gen_v8_4_4 collision detected at time: 26103830000, Instance: top_tb.u_top.u_ram_4096x16.inst.\native_mem_module.blk_mem_gen_v8_4_4_inst , A write address: 9, B  read address: 9
blk_mem_gen_v8_4_4 collision detected at time: 26103850000, Instance: top_tb.u_top.u_ram_4096x16.inst.\native_mem_module.blk_mem_gen_v8_4_4_inst , A write address: 9, B  read address: 9
blk_mem_gen_v8_4_4 collision detected at time: 26103870000, Instance: top_tb.u_top.u_ram_4096x16.inst.\native_mem_module.blk_mem_gen_v8_4_4_inst , A write address: 9, B  read address: 9
blk_mem_gen_v8_4_4 collision detected at time: 26103890000, Instance: top_tb.u_top.u_ram_4096x16.inst.\native_mem_module.blk_mem_gen_v8_4_4_inst , A write address: 9, B  read address: 9
blk_mem_gen_v8_4_4 collision detected at time: 26103910000, Instance: top_tb.u_top.u_ram_4096x16.inst.\native_mem_module.blk_mem_gen_v8_4_4_inst , A write address: 9, B  read address: 9
blk_mem_gen_v8_4_4 collision detected at time: 26103930000, Instance: top_tb.u_top.u_ram_4096x16.inst.\native_mem_module.blk_mem_gen_v8_4_4_inst , A write address: 9, B  read address: 9
blk_mem_gen_v8_4_4 collision detected at time: 26103950000, Instance: top_tb.u_top.u_ram_4096x16.inst.\native_mem_module.blk_mem_gen_v8_4_4_inst , A write address: 9, B  read address: 9
blk_mem_gen_v8_4_4 collision detected at time: 26103970000, Instance: top_tb.u_top.u_ram_4096x16.inst.\native_mem_module.blk_mem_gen_v8_4_4_inst , A write address: 9, B  read address: 9
blk_mem_gen_v8_4_4 collision detected at time: 26103990000, Instance: top_tb.u_top.u_ram_4096x16.inst.\native_mem_module.blk_mem_gen_v8_4_4_inst , A write address: 9, B  read address: 9
blk_mem_gen_v8_4_4 collision detected at time: 26104010000, Instance: top_tb.u_top.u_ram_4096x16.inst.\native_mem_module.blk_mem_gen_v8_4_4_inst , A write address: 9, B  read address: 9
blk_mem_gen_v8_4_4 collision detected at time: 26104030000, Instance: top_tb.u_top.u_ram_4096x16.inst.\native_mem_module.blk_mem_gen_v8_4_4_inst , A write address: 9, B  read address: 9
blk_mem_gen_v8_4_4 collision detected at time: 26104050000, Instance: top_tb.u_top.u_ram_4096x16.inst.\native_mem_module.blk_mem_gen_v8_4_4_inst , A write address: 9, B  read address: 9
blk_mem_gen_v8_4_4 collision detected at time: 26104070000, Instance: top_tb.u_top.u_ram_4096x16.inst.\native_mem_module.blk_mem_gen_v8_4_4_inst , A write address: 9, B  read address: 9
blk_mem_gen_v8_4_4 collision detected at time: 26104090000, Instance: top_tb.u_top.u_ram_4096x16.inst.\native_mem_module.blk_mem_gen_v8_4_4_inst , A write address: 9, B  read address: 9
blk_mem_gen_v8_4_4 collision detected at time: 26104110000, Instance: top_tb.u_top.u_ram_4096x16.inst.\native_mem_module.blk_mem_gen_v8_4_4_inst , A write address: 9, B  read address: 9
blk_mem_gen_v8_4_4 collision detected at time: 26104130000, Instance: top_tb.u_top.u_ram_4096x16.inst.\native_mem_module.blk_mem_gen_v8_4_4_inst , A write address: 9, B  read address: 9
blk_mem_gen_v8_4_4 collision detected at time: 26104150000, Instance: top_tb.u_top.u_ram_4096x16.inst.\native_mem_module.blk_mem_gen_v8_4_4_inst , A write address: 9, B  read address: 9
blk_mem_gen_v8_4_4 collision detected at time: 26104170000, Instance: top_tb.u_top.u_ram_4096x16.inst.\native_mem_module.blk_mem_gen_v8_4_4_inst , A write address: 9, B  read address: 9
blk_mem_gen_v8_4_4 collision detected at time: 26104190000, Instance: top_tb.u_top.u_ram_4096x16.inst.\native_mem_module.blk_mem_gen_v8_4_4_inst , A write address: 9, B  read address: 9
blk_mem_gen_v8_4_4 collision detected at time: 26104210000, Instance: top_tb.u_top.u_ram_4096x16.inst.\native_mem_module.blk_mem_gen_v8_4_4_inst , A write address: 9, B  read address: 9
blk_mem_gen_v8_4_4 collision detected at time: 26104230000, Instance: top_tb.u_top.u_ram_4096x16.inst.\native_mem_module.blk_mem_gen_v8_4_4_inst , A write address: 9, B  read address: 9
blk_mem_gen_v8_4_4 collision detected at time: 26104250000, Instance: top_tb.u_top.u_ram_4096x16.inst.\native_mem_module.blk_mem_gen_v8_4_4_inst , A write address: 9, B  read address: 9
blk_mem_gen_v8_4_4 collision detected at time: 26104270000, Instance: top_tb.u_top.u_ram_4096x16.inst.\native_mem_module.blk_mem_gen_v8_4_4_inst , A write address: 9, B  read address: 9
blk_mem_gen_v8_4_4 collision detected at time: 26104290000, Instance: top_tb.u_top.u_ram_4096x16.inst.\native_mem_module.blk_mem_gen_v8_4_4_inst , A write address: 9, B  read address: 9
blk_mem_gen_v8_4_4 collision detected at time: 26104310000, Instance: top_tb.u_top.u_ram_4096x16.inst.\native_mem_module.blk_mem_gen_v8_4_4_inst , A write address: 9, B  read address: 9
blk_mem_gen_v8_4_4 collision detected at time: 26104330000, Instance: top_tb.u_top.u_ram_4096x16.inst.\native_mem_module.blk_mem_gen_v8_4_4_inst , A write address: 9, B  read address: 9
blk_mem_gen_v8_4_4 collision detected at time: 26104350000, Instance: top_tb.u_top.u_ram_4096x16.inst.\native_mem_module.blk_mem_gen_v8_4_4_inst , A write address: 9, B  read address: 9
blk_mem_gen_v8_4_4 collision detected at time: 26104370000, Instance: top_tb.u_top.u_ram_4096x16.inst.\native_mem_module.blk_mem_gen_v8_4_4_inst , A write address: 9, B  read address: 9
blk_mem_gen_v8_4_4 collision detected at time: 26104390000, Instance: top_tb.u_top.u_ram_4096x16.inst.\native_mem_module.blk_mem_gen_v8_4_4_inst , A write address: 9, B  read address: 9
blk_mem_gen_v8_4_4 collision detected at time: 26104410000, Instance: top_tb.u_top.u_ram_4096x16.inst.\native_mem_module.blk_mem_gen_v8_4_4_inst , A write address: 9, B  read address: 9
blk_mem_gen_v8_4_4 collision detected at time: 26104430000, Instance: top_tb.u_top.u_ram_4096x16.inst.\native_mem_module.blk_mem_gen_v8_4_4_inst , A write address: 9, B  read address: 9
blk_mem_gen_v8_4_4 collision detected at time: 26104450000, Instance: top_tb.u_top.u_ram_4096x16.inst.\native_mem_module.blk_mem_gen_v8_4_4_inst , A write address: 9, B  read address: 9
blk_mem_gen_v8_4_4 collision detected at time: 26104470000, Instance: top_tb.u_top.u_ram_4096x16.inst.\native_mem_module.blk_mem_gen_v8_4_4_inst , A write address: 9, B  read address: 9
blk_mem_gen_v8_4_4 collision detected at time: 26104490000, Instance: top_tb.u_top.u_ram_4096x16.inst.\native_mem_module.blk_mem_gen_v8_4_4_inst , A write address: 9, B  read address: 9
blk_mem_gen_v8_4_4 collision detected at time: 26104510000, Instance: top_tb.u_top.u_ram_4096x16.inst.\native_mem_module.blk_mem_gen_v8_4_4_inst , A write address: 9, B  read address: 9
blk_mem_gen_v8_4_4 collision detected at time: 26104530000, Instance: top_tb.u_top.u_ram_4096x16.inst.\native_mem_module.blk_mem_gen_v8_4_4_inst , A write address: 9, B  read address: 9
blk_mem_gen_v8_4_4 collision detected at time: 26104550000, Instance: top_tb.u_top.u_ram_4096x16.inst.\native_mem_module.blk_mem_gen_v8_4_4_inst , A write address: 9, B  read address: 9
blk_mem_gen_v8_4_4 collision detected at time: 26104570000, Instance: top_tb.u_top.u_ram_4096x16.inst.\native_mem_module.blk_mem_gen_v8_4_4_inst , A write address: 9, B  read address: 9
blk_mem_gen_v8_4_4 collision detected at time: 26104590000, Instance: top_tb.u_top.u_ram_4096x16.inst.\native_mem_module.blk_mem_gen_v8_4_4_inst , A write address: 9, B  read address: 9
blk_mem_gen_v8_4_4 collision detected at time: 26104610000, Instance: top_tb.u_top.u_ram_4096x16.inst.\native_mem_module.blk_mem_gen_v8_4_4_inst , A write address: 9, B  read address: 9
blk_mem_gen_v8_4_4 collision detected at time: 26104630000, Instance: top_tb.u_top.u_ram_4096x16.inst.\native_mem_module.blk_mem_gen_v8_4_4_inst , A write address: 9, B  read address: 9
blk_mem_gen_v8_4_4 collision detected at time: 26104650000, Instance: top_tb.u_top.u_ram_4096x16.inst.\native_mem_module.blk_mem_gen_v8_4_4_inst , A write address: 9, B  read address: 9
blk_mem_gen_v8_4_4 collision detected at time: 26104670000, Instance: top_tb.u_top.u_ram_4096x16.inst.\native_mem_module.blk_mem_gen_v8_4_4_inst , A write address: 9, B  read address: 9
blk_mem_gen_v8_4_4 collision detected at time: 26104690000, Instance: top_tb.u_top.u_ram_4096x16.inst.\native_mem_module.blk_mem_gen_v8_4_4_inst , A write address: 9, B  read address: 9
blk_mem_gen_v8_4_4 collision detected at time: 26104710000, Instance: top_tb.u_top.u_ram_4096x16.inst.\native_mem_module.blk_mem_gen_v8_4_4_inst , A write address: 9, B  read address: 9
blk_mem_gen_v8_4_4 collision detected at time: 26104730000, Instance: top_tb.u_top.u_ram_4096x16.inst.\native_mem_module.blk_mem_gen_v8_4_4_inst , A write address: 9, B  read address: 9
blk_mem_gen_v8_4_4 collision detected at time: 26104750000, Instance: top_tb.u_top.u_ram_4096x16.inst.\native_mem_module.blk_mem_gen_v8_4_4_inst , A write address: 9, B  read address: 9
blk_mem_gen_v8_4_4 collision detected at time: 26104770000, Instance: top_tb.u_top.u_ram_4096x16.inst.\native_mem_module.blk_mem_gen_v8_4_4_inst , A write address: 9, B  read address: 9
blk_mem_gen_v8_4_4 collision detected at time: 26104790000, Instance: top_tb.u_top.u_ram_4096x16.inst.\native_mem_module.blk_mem_gen_v8_4_4_inst , A write address: 9, B  read address: 9
blk_mem_gen_v8_4_4 collision detected at time: 26104810000, Instance: top_tb.u_top.u_ram_4096x16.inst.\native_mem_module.blk_mem_gen_v8_4_4_inst , A write address: 9, B  read address: 9
blk_mem_gen_v8_4_4 collision detected at time: 26104830000, Instance: top_tb.u_top.u_ram_4096x16.inst.\native_mem_module.blk_mem_gen_v8_4_4_inst , A write address: 9, B  read address: 9
blk_mem_gen_v8_4_4 collision detected at time: 26104850000, Instance: top_tb.u_top.u_ram_4096x16.inst.\native_mem_module.blk_mem_gen_v8_4_4_inst , A write address: 9, B  read address: 9
blk_mem_gen_v8_4_4 collision detected at time: 26104870000, Instance: top_tb.u_top.u_ram_4096x16.inst.\native_mem_module.blk_mem_gen_v8_4_4_inst , A write address: 9, B  read address: 9
blk_mem_gen_v8_4_4 collision detected at time: 26104890000, Instance: top_tb.u_top.u_ram_4096x16.inst.\native_mem_module.blk_mem_gen_v8_4_4_inst , A write address: 9, B  read address: 9
blk_mem_gen_v8_4_4 collision detected at time: 26104910000, Instance: top_tb.u_top.u_ram_4096x16.inst.\native_mem_module.blk_mem_gen_v8_4_4_inst , A write address: 9, B  read address: 9
blk_mem_gen_v8_4_4 collision detected at time: 26104930000, Instance: top_tb.u_top.u_ram_4096x16.inst.\native_mem_module.blk_mem_gen_v8_4_4_inst , A write address: 9, B  read address: 9
blk_mem_gen_v8_4_4 collision detected at time: 26104950000, Instance: top_tb.u_top.u_ram_4096x16.inst.\native_mem_module.blk_mem_gen_v8_4_4_inst , A write address: 9, B  read address: 9
blk_mem_gen_v8_4_4 collision detected at time: 26104970000, Instance: top_tb.u_top.u_ram_4096x16.inst.\native_mem_module.blk_mem_gen_v8_4_4_inst , A write address: 9, B  read address: 9
blk_mem_gen_v8_4_4 collision detected at time: 26104990000, Instance: top_tb.u_top.u_ram_4096x16.inst.\native_mem_module.blk_mem_gen_v8_4_4_inst , A write address: 9, B  read address: 9
blk_mem_gen_v8_4_4 collision detected at time: 26105010000, Instance: top_tb.u_top.u_ram_4096x16.inst.\native_mem_module.blk_mem_gen_v8_4_4_inst , A write address: 9, B  read address: 9
blk_mem_gen_v8_4_4 collision detected at time: 26105030000, Instance: top_tb.u_top.u_ram_4096x16.inst.\native_mem_module.blk_mem_gen_v8_4_4_inst , A write address: 9, B  read address: 9
blk_mem_gen_v8_4_4 collision detected at time: 26105050000, Instance: top_tb.u_top.u_ram_4096x16.inst.\native_mem_module.blk_mem_gen_v8_4_4_inst , A write address: 9, B  read address: 9
blk_mem_gen_v8_4_4 collision detected at time: 26105070000, Instance: top_tb.u_top.u_ram_4096x16.inst.\native_mem_module.blk_mem_gen_v8_4_4_inst , A write address: 9, B  read address: 9
blk_mem_gen_v8_4_4 collision detected at time: 26105090000, Instance: top_tb.u_top.u_ram_4096x16.inst.\native_mem_module.blk_mem_gen_v8_4_4_inst , A write address: 9, B  read address: 9
blk_mem_gen_v8_4_4 collision detected at time: 26105110000, Instance: top_tb.u_top.u_ram_4096x16.inst.\native_mem_module.blk_mem_gen_v8_4_4_inst , A write address: 9, B  read address: 9
blk_mem_gen_v8_4_4 collision detected at time: 26105130000, Instance: top_tb.u_top.u_ram_4096x16.inst.\native_mem_module.blk_mem_gen_v8_4_4_inst , A write address: 9, B  read address: 9
blk_mem_gen_v8_4_4 collision detected at time: 26105150000, Instance: top_tb.u_top.u_ram_4096x16.inst.\native_mem_module.blk_mem_gen_v8_4_4_inst , A write address: 9, B  read address: 9
blk_mem_gen_v8_4_4 collision detected at time: 26105170000, Instance: top_tb.u_top.u_ram_4096x16.inst.\native_mem_module.blk_mem_gen_v8_4_4_inst , A write address: 9, B  read address: 9
blk_mem_gen_v8_4_4 collision detected at time: 26105190000, Instance: top_tb.u_top.u_ram_4096x16.inst.\native_mem_module.blk_mem_gen_v8_4_4_inst , A write address: 9, B  read address: 9
blk_mem_gen_v8_4_4 collision detected at time: 26105210000, Instance: top_tb.u_top.u_ram_4096x16.inst.\native_mem_module.blk_mem_gen_v8_4_4_inst , A write address: 9, B  read address: 9
blk_mem_gen_v8_4_4 collision detected at time: 26105230000, Instance: top_tb.u_top.u_ram_4096x16.inst.\native_mem_module.blk_mem_gen_v8_4_4_inst , A write address: 9, B  read address: 9
blk_mem_gen_v8_4_4 collision detected at time: 26105250000, Instance: top_tb.u_top.u_ram_4096x16.inst.\native_mem_module.blk_mem_gen_v8_4_4_inst , A write address: 9, B  read address: 9
blk_mem_gen_v8_4_4 collision detected at time: 26105270000, Instance: top_tb.u_top.u_ram_4096x16.inst.\native_mem_module.blk_mem_gen_v8_4_4_inst , A write address: 9, B  read address: 9
blk_mem_gen_v8_4_4 collision detected at time: 26105290000, Instance: top_tb.u_top.u_ram_4096x16.inst.\native_mem_module.blk_mem_gen_v8_4_4_inst , A write address: 9, B  read address: 9
blk_mem_gen_v8_4_4 collision detected at time: 26105310000, Instance: top_tb.u_top.u_ram_4096x16.inst.\native_mem_module.blk_mem_gen_v8_4_4_inst , A write address: 9, B  read address: 9
blk_mem_gen_v8_4_4 collision detected at time: 26105330000, Instance: top_tb.u_top.u_ram_4096x16.inst.\native_mem_module.blk_mem_gen_v8_4_4_inst , A write address: 9, B  read address: 9
blk_mem_gen_v8_4_4 collision detected at time: 26105350000, Instance: top_tb.u_top.u_ram_4096x16.inst.\native_mem_module.blk_mem_gen_v8_4_4_inst , A write address: 9, B  read address: 9
blk_mem_gen_v8_4_4 collision detected at time: 26105370000, Instance: top_tb.u_top.u_ram_4096x16.inst.\native_mem_module.blk_mem_gen_v8_4_4_inst , A write address: 9, B  read address: 9
blk_mem_gen_v8_4_4 collision detected at time: 26105390000, Instance: top_tb.u_top.u_ram_4096x16.inst.\native_mem_module.blk_mem_gen_v8_4_4_inst , A write address: 9, B  read address: 9
blk_mem_gen_v8_4_4 collision detected at time: 26105410000, Instance: top_tb.u_top.u_ram_4096x16.inst.\native_mem_module.blk_mem_gen_v8_4_4_inst , A write address: 9, B  read address: 9
blk_mem_gen_v8_4_4 collision detected at time: 26105430000, Instance: top_tb.u_top.u_ram_4096x16.inst.\native_mem_module.blk_mem_gen_v8_4_4_inst , A write address: 9, B  read address: 9
blk_mem_gen_v8_4_4 collision detected at time: 26105450000, Instance: top_tb.u_top.u_ram_4096x16.inst.\native_mem_module.blk_mem_gen_v8_4_4_inst , A write address: 9, B  read address: 9
blk_mem_gen_v8_4_4 collision detected at time: 26105470000, Instance: top_tb.u_top.u_ram_4096x16.inst.\native_mem_module.blk_mem_gen_v8_4_4_inst , A write address: 9, B  read address: 9
blk_mem_gen_v8_4_4 collision detected at time: 26105490000, Instance: top_tb.u_top.u_ram_4096x16.inst.\native_mem_module.blk_mem_gen_v8_4_4_inst , A write address: 9, B  read address: 9
blk_mem_gen_v8_4_4 collision detected at time: 26105510000, Instance: top_tb.u_top.u_ram_4096x16.inst.\native_mem_module.blk_mem_gen_v8_4_4_inst , A write address: 9, B  read address: 9
blk_mem_gen_v8_4_4 collision detected at time: 26105530000, Instance: top_tb.u_top.u_ram_4096x16.inst.\native_mem_module.blk_mem_gen_v8_4_4_inst , A write address: 9, B  read address: 9
blk_mem_gen_v8_4_4 collision detected at time: 26105550000, Instance: top_tb.u_top.u_ram_4096x16.inst.\native_mem_module.blk_mem_gen_v8_4_4_inst , A write address: 9, B  read address: 9
blk_mem_gen_v8_4_4 collision detected at time: 26105570000, Instance: top_tb.u_top.u_ram_4096x16.inst.\native_mem_module.blk_mem_gen_v8_4_4_inst , A write address: 9, B  read address: 9
blk_mem_gen_v8_4_4 collision detected at time: 26105590000, Instance: top_tb.u_top.u_ram_4096x16.inst.\native_mem_module.blk_mem_gen_v8_4_4_inst , A write address: 9, B  read address: 9
blk_mem_gen_v8_4_4 collision detected at time: 26105610000, Instance: top_tb.u_top.u_ram_4096x16.inst.\native_mem_module.blk_mem_gen_v8_4_4_inst , A write address: 9, B  read address: 9
blk_mem_gen_v8_4_4 collision detected at time: 26105630000, Instance: top_tb.u_top.u_ram_4096x16.inst.\native_mem_module.blk_mem_gen_v8_4_4_inst , A write address: 9, B  read address: 9
blk_mem_gen_v8_4_4 collisio